Archive member included to satisfy reference by file (symbol)

C:\Users\alica\Documents\230104-162745-pico\build/core\core.a(SerialUSB.cpp.o)
                              C:\Users\alica\Documents\230104-162745-pico\build\sketch\cizgi_izleyen.ino.cpp.o (_ZN9SerialUSB5beginEm)
C:\Users\alica\Documents\230104-162745-pico\build/core\core.a(Print.cpp.o)
                              C:\Users\alica\Documents\230104-162745-pico\build\sketch\cizgi_izleyen.ino.cpp.o (_ZN7arduino5Print5printEPKc)
C:\Users\alica\Documents\230104-162745-pico\build/core\core.a(delay.cpp.o)
                              C:\Users\alica\Documents\230104-162745-pico\build\sketch\cizgi_izleyen.ino.cpp.o (delay)
C:\Users\alica\Documents\230104-162745-pico\build/core\core.a(main.cpp.o)
                              c:/users/alica/appdata/local/arduino15/packages/rp2040/tools/pqt-gcc/1.5.0-a-5007782/bin/../lib/gcc/arm-none-eabi/10.3.0/../../../../arm-none-eabi/lib/thumb/crt0.o (main)
C:\Users\alica\Documents\230104-162745-pico\build/core\core.a(malloc-lock.cpp.o)
                              C:\Users\alica\Documents\230104-162745-pico\build/core\core.a(main.cpp.o) (__wrap_calloc)
C:\Users\alica\Documents\230104-162745-pico\build/core\core.a(wiring_analog.cpp.o)
                              C:\Users\alica\Documents\230104-162745-pico\build\libraries\QTRSensors\QTRSensors.cpp.o (analogRead)
C:\Users\alica\Documents\230104-162745-pico\build/core\core.a(wiring_digital.cpp.o)
                              C:\Users\alica\Documents\230104-162745-pico\build\sketch\cizgi_izleyen.ino.cpp.o (pinMode)
C:\Users\alica\Documents\230104-162745-pico\build/core\core.a(wiring_private.cpp.o)
                              C:\Users\alica\Documents\230104-162745-pico\build\libraries\QTRSensors\QTRSensors.cpp.o (interrupts)
C:\Users\alica\Documents\230104-162745-pico\build/core\core.a(CoreMutex.cpp.o)
                              C:\Users\alica\Documents\230104-162745-pico\build/core\core.a(SerialUSB.cpp.o) (_ZN9CoreMutexC1EP5mutexh)
C:\Users\alica\Documents\230104-162745-pico\build/core\core.a(RP2040USB.cpp.o)
                              C:\Users\alica\Documents\230104-162745-pico\build/core\core.a(main.cpp.o) (_Z10__USBStartv)
C:\Users\alica\Documents\230104-162745-pico\build/core\core.a(_freertos.cpp.o)
                              C:\Users\alica\Documents\230104-162745-pico\build/core\core.a(CoreMutex.cpp.o) (__get_freertos_mutex_for_ptr)
C:\Users\alica\AppData\Local\Arduino15\packages\rp2040\hardware\rp2040\2.7.0/lib/libpico.a(adc.c.obj)
                              C:\Users\alica\Documents\230104-162745-pico\build/core\core.a(wiring_analog.cpp.o) (adc_init)
C:\Users\alica\AppData\Local\Arduino15\packages\rp2040\hardware\rp2040\2.7.0/lib/libpico.a(sync.c.obj)
                              C:\Users\alica\Documents\230104-162745-pico\build/core\core.a(main.cpp.o) (next_striped_spin_lock_num)
C:\Users\alica\AppData\Local\Arduino15\packages\rp2040\hardware\rp2040\2.7.0/lib/libpico.a(clocks.c.obj)
                              C:\Users\alica\Documents\230104-162745-pico\build/core\core.a(wiring_analog.cpp.o) (clock_get_hz)
C:\Users\alica\AppData\Local\Arduino15\packages\rp2040\hardware\rp2040\2.7.0/lib/libpico.a(gpio.c.obj)
                              C:\Users\alica\Documents\230104-162745-pico\build\sketch\cizgi_izleyen.ino.cpp.o (gpio_set_function)
C:\Users\alica\AppData\Local\Arduino15\packages\rp2040\hardware\rp2040\2.7.0/lib/libpico.a(irq.c.obj)
                              C:\Users\alica\Documents\230104-162745-pico\build/core\core.a(main.cpp.o) (irq_set_enabled)
C:\Users\alica\AppData\Local\Arduino15\packages\rp2040\hardware\rp2040\2.7.0/lib/libpico.a(irq_handler_chain.S.obj)
                              C:\Users\alica\AppData\Local\Arduino15\packages\rp2040\hardware\rp2040\2.7.0/lib/libpico.a(irq.c.obj) (irq_handler_chain_slots)
C:\Users\alica\AppData\Local\Arduino15\packages\rp2040\hardware\rp2040\2.7.0/lib/libpico.a(time.c.obj)
                              C:\Users\alica\Documents\230104-162745-pico\build/core\core.a(RP2040USB.cpp.o) (alarm_pool_get_default)
C:\Users\alica\AppData\Local\Arduino15\packages\rp2040\hardware\rp2040\2.7.0/lib/libpico.a(timer.c.obj)
                              C:\Users\alica\AppData\Local\Arduino15\packages\rp2040\hardware\rp2040\2.7.0/lib/libpico.a(time.c.obj) (hardware_alarm_claim)
C:\Users\alica\AppData\Local\Arduino15\packages\rp2040\hardware\rp2040\2.7.0/lib/libpico.a(pheap.c.obj)
                              C:\Users\alica\AppData\Local\Arduino15\packages\rp2040\hardware\rp2040\2.7.0/lib/libpico.a(time.c.obj) (ph_post_alloc_init)
C:\Users\alica\AppData\Local\Arduino15\packages\rp2040\hardware\rp2040\2.7.0/lib/libpico.a(queue.c.obj)
                              C:\Users\alica\Documents\230104-162745-pico\build/core\core.a(main.cpp.o) (queue_init_with_spinlock)
C:\Users\alica\AppData\Local\Arduino15\packages\rp2040\hardware\rp2040\2.7.0/lib/libpico.a(mutex.c.obj)
[...]
Memory Configuration

Name             Origin             Length             Attributes
FLASH            0x10000000         0x001ff000         xr
RAM              0x20000000         0x00040000         xrw
SCRATCH_X        0x20040000         0x00001000         xrw
SCRATCH_Y        0x20041000         0x00001000         xrw
*default*        0x00000000         0xffffffff

Linker script and memory map

LOAD c:/users/alica/appdata/local/arduino15/packages/rp2040/tools/pqt-gcc/1.5.0-a-5007782/bin/../lib/gcc/arm-none-eabi/10.3.0/thumb/crti.o
LOAD c:/users/alica/appdata/local/arduino15/packages/rp2040/tools/pqt-gcc/1.5.0-a-5007782/bin/../lib/gcc/arm-none-eabi/10.3.0/thumb/crtbegin.o
LOAD c:/users/alica/appdata/local/arduino15/packages/rp2040/tools/pqt-gcc/1.5.0-a-5007782/bin/../lib/gcc/arm-none-eabi/10.3.0/../../../../arm-none-eabi/lib/thumb/crt0.o
                [!provide]                PROVIDE (_EEPROM_start = 0x101ff000)
                [!provide]                PROVIDE (_FS_start = 0x101ff000)
                [!provide]                PROVIDE (_FS_end = 0x101ff000)

.flash_begin    0x10000000        0x0
                0x10000000                __flash_binary_start = .

.boot2          0x10000000      0x100
                0x10000000                __boot2_start__ = .
 *(.boot2)
 .boot2         0x10000000      0x100 C:\Users\alica\Documents\230104-162745-pico\build/boot2.o
                0x10000100                __boot2_end__ = .
                0x00000001                ASSERT (((__boot2_end__ - __boot2_start__) == 0x100), ERROR: Pico second stage bootloader must be 256 bytes in size)

.ota            0x10000100     0x25e8
 *(.OTA)
 .OTA           0x10000100     0x25e8 C:\Users\alica\AppData\Local\Arduino15\packages\rp2040\hardware\rp2040\2.7.0/lib/ota.o
                0x10000100                _binary_ota_bin_start
                0x100026e8                _binary_ota_bin_end

.partition      0x100026e8      0x918
                0x10002ff0                . = (__flash_binary_start + 0x2ff0)
 *fill*         0x100026e8      0x908 
                0x10002ff0        0x4 LONG 0x101ff000
                0x10002ff4        0x4 LONG 0x101ff000
                0x10002ff8        0x4 LONG 0x101ff000
                0x10002ffc        0x4 LONG 0x1ff000

.text           0x10003000     0xd668
                0x10003000                __logical_binary_start = .
 *(.vectors)
 .vectors       0x10003000       0xd4 C:\Users\alica\AppData\Local\Arduino15\packages\rp2040\hardware\rp2040\2.7.0/lib/libpico.a(crt0.S.obj)
                0x10003000                __VECTOR_TABLE
                0x10003000                __vectors
                0x100030c0                isr_invalid
                0x100030c0                __default_isrs_start
                0x100030c2                isr_nmi
                0x100030c4                isr_hardfault
                0x100030c6                isr_svcall
                0x100030c8                isr_pendsv
                0x100030ca                isr_systick
                0x100030cc                isr_irq23
                0x100030cc                isr_irq18
                0x100030cc                isr_irq11
                0x100030cc                isr_irq28
                0x100030cc                isr_irq19
                0x100030cc                isr_irq0
                0x100030cc                isr_irq6
                0x100030cc                isr_irq5
                0x100030cc                isr_irq12
                0x100030cc                isr_irq22
                0x100030cc                isr_irq31
                0x100030cc                isr_irq17
                0x100030cc                isr_irq27
                0x100030cc                isr_irq30
                0x100030cc                isr_irq2
                0x100030cc                isr_irq10
                0x100030cc                isr_irq8
                0x100030cc                isr_irq24
                0x100030cc                isr_irq1
                0x100030cc                isr_irq7
                0x100030cc                isr_irq21
                0x100030cc                isr_irq20
                0x100030cc                isr_irq15
                0x100030cc                isr_irq25
                0x100030cc                isr_irq13
                0x100030cc                __unhandled_user_irq
                0x100030cc                isr_irq4
                0x100030cc                isr_irq16
                0x100030cc                isr_irq29
                0x100030cc                isr_irq26
                0x100030cc                __default_isrs_end
                0x100030cc                isr_irq3
                0x100030cc                isr_irq14
                0x100030cc                isr_irq9
                0x100030d2                unhandled_user_irq_num_in_r0
 *(.binary_info_header)
 .binary_info_header
                0x100030d4        0x0 C:\Users\alica\AppData\Local\Arduino15\packages\rp2040\hardware\rp2040\2.7.0/lib/libpico.a(crt0.S.obj)
                0x100030d4                __binary_info_header_end = .
 *(.reset)
 .reset         0x100030d4       0xa8 C:\Users\alica\AppData\Local\Arduino15\packages\rp2040\hardware\rp2040\2.7.0/lib/libpico.a(crt0.S.obj)
                0x100030d4                _entry_point
                0x10003152                __get_current_exception
 *(.init)
 .init          0x1000317c        0x4 c:/users/alica/appdata/local/arduino15/packages/rp2040/tools/pqt-gcc/1.5.0-a-5007782/bin/../lib/gcc/arm-none-eabi/10.3.0/thumb/crti.o
                0x1000317c                _init
 *(EXCLUDE_FILE(*libm.a: *libc.a:*lib_a-mem*.o *libgcc.a:) .text*)
 .text          0x10003180       0x98 c:/users/alica/appdata/local/arduino15/packages/rp2040/tools/pqt-gcc/1.5.0-a-5007782/bin/../lib/gcc/arm-none-eabi/10.3.0/thumb/crtbegin.o
 .text.pwm_set_chan_level
                0x10003218       0x38 C:\Users\alica\Documents\230104-162745-pico\build\sketch\cizgi_izleyen.ino.cpp.o
 .text._ZN10RP2040_PWM16calc_TOP_and_DIVERKf.isra.0
                0x10003250      0x108 C:\Users\alica\Documents\230104-162745-pico\build\sketch\cizgi_izleyen.ino.cpp.o
 .text._ZN10RP2040_PWM6setPWMERKhRKfS3_b.isra.0
                0x10003358      0x1b8 C:\Users\alica\Documents\230104-162745-pico\build\sketch\cizgi_izleyen.ino.cpp.o
 .text._Z12motorkontrolii
                0x10003510       0xe8 C:\Users\alica\Documents\230104-162745-pico\build\sketch\cizgi_izleyen.ino.cpp.o
                0x10003510                _Z12motorkontrolii
 .text._Z9sensorokuv
                0x100035f8       0x48 C:\Users\alica\Documents\230104-162745-pico\build\sketch\cizgi_izleyen.ino.cpp.o
                0x100035f8                _Z9sensorokuv
 .text._Z11sensorprintv
                0x10003640       0x5c C:\Users\alica\Documents\230104-162745-pico\build\sketch\cizgi_izleyen.ino.cpp.o
                0x10003640                _Z11sensorprintv
 .text._Z10sol_sag_90v
                0x1000369c       0xa8 C:\Users\alica\Documents\230104-162745-pico\build\sketch\cizgi_izleyen.ino.cpp.o
                0x1000369c                _Z10sol_sag_90v
 .text._Z3pidv  0x10003744      0x118 C:\Users\alica\Documents\230104-162745-pico\build\sketch\cizgi_izleyen.ino.cpp.o
                0x10003744                _Z3pidv
 .text._Z9pwm_setupv
                0x1000385c       0xa8 C:\Users\alica\Documents\230104-162745-pico\build\sketch\cizgi_izleyen.ino.cpp.o
                0x1000385c                _Z9pwm_setupv
 .text.loop     0x10003904       0x14 C:\Users\alica\Documents\230104-162745-pico\build\sketch\cizgi_izleyen.ino.cpp.o
                0x10003904                loop
 .text._Z9qtr_setupv
                0x10003918       0x70 C:\Users\alica\Documents\230104-162745-pico\build\sketch\cizgi_izleyen.ino.cpp.o
                0x10003918                _Z9qtr_setupv
 .text.setup    0x10003988       0x1c C:\Users\alica\Documents\230104-162745-pico\build\sketch\cizgi_izleyen.ino.cpp.o
                0x10003988                setup
 .text._ZN10QTRSensors9setTypeRCEv
                0x100039a4        0xa C:\Users\alica\Documents\230104-162745-pico\build\libraries\QTRSensors\QTRSensors.cpp.o
                0x100039a4                _ZN10QTRSensors9setTypeRCEv
 .text._ZN10QTRSensors13setSensorPinsEPKhh
                0x100039ae       0x46 C:\Users\alica\Documents\230104-162745-pico\build\libraries\QTRSensors\QTRSensors.cpp.o
                0x100039ae                _ZN10QTRSensors13setSensorPinsEPKhh
 .text._ZN10QTRSensors11emittersOffE11QTREmittersb
                0x100039f4       0x8c C:\Users\alica\Documents\230104-162745-pico\build\libraries\QTRSensors\QTRSensors.cpp.o
                0x100039f4                _ZN10QTRSensors11emittersOffE11QTREmittersb
 .text._ZN10QTRSensors17emittersOnWithPinEh
                0x10003a80       0x7c C:\Users\alica\Documents\230104-162745-pico\build\libraries\QTRSensors\QTRSensors.cpp.o
                0x10003a80                _ZN10QTRSensors17emittersOnWithPinEh
 .text._ZN10QTRSensors10emittersOnE11QTREmittersb
                0x10003afc       0xba C:\Users\alica\Documents\230104-162745-pico\build\libraries\QTRSensors\QTRSensors.cpp.o
                0x10003afc                _ZN10QTRSensors10emittersOnE11QTREmittersb
 .text._ZN10QTRSensors14emittersSelectE11QTREmitters
                0x10003bb6       0x6c C:\Users\alica\Documents\230104-162745-pico\build\libraries\QTRSensors\QTRSensors.cpp.o
                0x10003bb6                _ZN10QTRSensors14emittersSelectE11QTREmitters
 .text._ZN10QTRSensors11readPrivateEPthh
                0x10003c22      0x148 C:\Users\alica\Documents\230104-162745-pico\build\libraries\QTRSensors\QTRSensors.cpp.o
                0x10003c22                _ZN10QTRSensors11readPrivateEPthh
 .text._ZN10QTRSensors4readEPt11QTRReadMode
                0x10003d6a       0xbc C:\Users\alica\Documents\230104-162745-pico\build\libraries\QTRSensors\QTRSensors.cpp.o
                0x10003d6a                _ZN10QTRSensors4readEPt11QTRReadMode
 .text._ZN10QTRSensors16calibrateOnOrOffERNS_15CalibrationDataE11QTRReadMode
                0x10003e26       0xda C:\Users\alica\Documents\230104-162745-pico\build\libraries\QTRSensors\QTRSensors.cpp.o
                0x10003e26                _ZN10QTRSensors16calibrateOnOrOffERNS_15CalibrationDataE11QTRReadMode
 .text._ZN10QTRSensors9calibrateE11QTRReadMode
                0x10003f00       0x40 C:\Users\alica\Documents\230104-162745-pico\build\libraries\QTRSensors\QTRSensors.cpp.o
                0x10003f00                _ZN10QTRSensors9calibrateE11QTRReadMode
 .text._ZN10QTRSensors14readCalibratedEPt11QTRReadMode
                0x10003f40       0xc2 C:\Users\alica\Documents\230104-162745-pico\build\libraries\QTRSensors\QTRSensors.cpp.o
                0x10003f40                _ZN10QTRSensors14readCalibratedEPt11QTRReadMode
 .text._ZN10QTRSensors15readLinePrivateEPt11QTRReadModeb
                0x10004002       0x90 C:\Users\alica\Documents\230104-162745-pico\build\libraries\QTRSensors\QTRSensors.cpp.o
                0x10004002                _ZN10QTRSensors15readLinePrivateEPt11QTRReadModeb
 .text._ZN9SerialUSB5beginEmt
                0x10004092        0xa C:\Users\alica\Documents\230104-162745-pico\build/core\core.a(SerialUSB.cpp.o)
                0x10004092                _ZN9SerialUSB5beginEmt
 .text._ZN9SerialUSB5beginEm
                0x1000409c        0xc C:\Users\alica\Documents\230104-162745-pico\build/core\core.a(SerialUSB.cpp.o)
                0x1000409c                _ZN9SerialUSB5beginEm
 .text._ZN9SerialUSB3endEv
                0x100040a8        0x2 C:\Users\alica\Documents\230104-162745-pico\build/core\core.a(SerialUSB.cpp.o)
                0x100040a8                _ZN9SerialUSB3endEv
 .text._ZN9SerialUSB5writeEh
                0x100040aa       0x14 C:\Users\alica\Documents\230104-162745-pico\build/core\core.a(SerialUSB.cpp.o)
                0x100040aa                _ZN9SerialUSB5writeEh
 *fill*         0x100040be        0x2 
 .text._ZN9SerialUSB4peekEv
                0x100040c0       0x4c C:\Users\alica\Documents\230104-162745-pico\build/core\core.a(SerialUSB.cpp.o)
                0x100040c0                _ZN9SerialUSB4peekEv
 .text._ZN9SerialUSB9availableEv
                0x1000410c       0x38 C:\Users\alica\Documents\230104-162745-pico\build/core\core.a(SerialUSB.cpp.o)
                0x1000410c                _ZN9SerialUSB9availableEv
 .text._ZN9SerialUSB17availableForWriteEv
                0x10004144       0x38 C:\Users\alica\Documents\230104-162745-pico\build/core\core.a(SerialUSB.cpp.o)
                0x10004144                _ZN9SerialUSB17availableForWriteEv
 .text._ZN9SerialUSB5flushEv
                0x1000417c       0x34 C:\Users\alica\Documents\230104-162745-pico\build/core\core.a(SerialUSB.cpp.o)
                0x1000417c                _ZN9SerialUSB5flushEv
 .text._ZL16CheckSerialResetv
                0x100041b0       0x34 C:\Users\alica\Documents\230104-162745-pico\build/core\core.a(SerialUSB.cpp.o)
 .text._ZN9SerialUSB4readEv
                0x100041e4       0x58 C:\Users\alica\Documents\230104-162745-pico\build/core\core.a(SerialUSB.cpp.o)
                0x100041e4                _ZN9SerialUSB4readEv
 .text._ZN9SerialUSBcvbEv
                0x1000423c       0x38 C:\Users\alica\Documents\230104-162745-pico\build/core\core.a(SerialUSB.cpp.o)
                0x1000423c                _ZN9SerialUSBcvbEv
 .text._ZN9SerialUSB5writeEPKhj
                0x10004274       0xe0 C:\Users\alica\Documents\230104-162745-pico\build/core\core.a(SerialUSB.cpp.o)
                0x10004274                _ZN9SerialUSB5writeEPKhj
 .text._Z18__USBInstallSerialv
                0x10004354        0x2 C:\Users\alica\Documents\230104-162745-pico\build/core\core.a(SerialUSB.cpp.o)
                0x10004354                _Z18__USBInstallSerialv
 *fill*         0x10004356        0x2 
 .text.tud_cdc_line_state_cb
                0x10004358       0x10 C:\Users\alica\Documents\230104-162745-pico\build/core\core.a(SerialUSB.cpp.o)
                0x10004358                tud_cdc_line_state_cb
 .text.tud_cdc_line_coding_cb
                0x10004368       0x24 C:\Users\alica\Documents\230104-162745-pico\build/core\core.a(SerialUSB.cpp.o)
                0x10004368                tud_cdc_line_coding_cb
 .text._ZN7arduino14serialEventRunEv
                0x1000438c       0x20 C:\Users\alica\Documents\230104-162745-pico\build/core\core.a(SerialUSB.cpp.o)
                0x1000438c                _ZN7arduino14serialEventRunEv
 .text.startup._GLOBAL__sub_I__Z18__USBInstallSerialv
                0x100043ac       0x20 C:\Users\alica\Documents\230104-162745-pico\build/core\core.a(SerialUSB.cpp.o)
 .text._ZN7arduino5Print5writeEPKc
                0x100043cc       0x1c C:\Users\alica\Documents\230104-162745-pico\build/core\core.a(Print.cpp.o)
                0x100043cc                _ZN7arduino5Print5writeEPKc
 .text._ZN7arduino5Print5printEPKc
                0x100043e8        0x8 C:\Users\alica\Documents\230104-162745-pico\build/core\core.a(Print.cpp.o)
                0x100043e8                _ZN7arduino5Print5printEPKc
 .text._ZN7arduino5Print5printEc
                0x100043f0        0xa C:\Users\alica\Documents\230104-162745-pico\build/core\core.a(Print.cpp.o)
                0x100043f0                _ZN7arduino5Print5printEc
 *fill*         0x100043fa        0x2 
 .text._ZN7arduino5Print7printlnEv
                0x100043fc       0x10 C:\Users\alica\Documents\230104-162745-pico\build/core\core.a(Print.cpp.o)
                0x100043fc                _ZN7arduino5Print7printlnEv
 .text._ZN7arduino5Print7printlnEPKNS_19__FlashStringHelperE
                0x1000440c       0x14 C:\Users\alica\Documents\230104-162745-pico\build/core\core.a(Print.cpp.o)
                0x1000440c                _ZN7arduino5Print7printlnEPKNS_19__FlashStringHelperE
 .text._ZN7arduino5Print7printlnEPKc
                0x10004420        0x8 C:\Users\alica\Documents\230104-162745-pico\build/core\core.a(Print.cpp.o)
                0x10004420                _ZN7arduino5Print7printlnEPKc
 .text._ZN7arduino5Print11printNumberEmh
                0x10004428       0x50 C:\Users\alica\Documents\230104-162745-pico\build/core\core.a(Print.cpp.o)
                0x10004428                _ZN7arduino5Print11printNumberEmh
 .text._ZN7arduino5Print5printEli
                0x10004478       0x3e C:\Users\alica\Documents\230104-162745-pico\build/core\core.a(Print.cpp.o)
                0x10004478                _ZN7arduino5Print5printEli
 .text._ZN7arduino5Print5printEii
                0x100044b6        0x8 C:\Users\alica\Documents\230104-162745-pico\build/core\core.a(Print.cpp.o)
                0x100044b6                _ZN7arduino5Print5printEii
 *fill*         0x100044be        0x2 
 .text._ZN7arduino5Print10printFloatEdi
                0x100044c0      0x16c C:\Users\alica\Documents\230104-162745-pico\build/core\core.a(Print.cpp.o)
                0x100044c0                _ZN7arduino5Print10printFloatEdi
 .text._ZN7arduino5Print7printlnEdi
                0x1000462c       0x18 C:\Users\alica\Documents\230104-162745-pico\build/core\core.a(Print.cpp.o)
                0x1000462c                _ZN7arduino5Print7printlnEdi
 .text.get_absolute_time
                0x10004644       0x2c C:\Users\alica\Documents\230104-162745-pico\build/core\core.a(delay.cpp.o)
 .text.delay    0x10004670        0xc C:\Users\alica\Documents\230104-162745-pico\build/core\core.a(delay.cpp.o)
                0x10004670                delay
 .text.delayMicroseconds
                0x1000467c        0xe C:\Users\alica\Documents\230104-162745-pico\build/core\core.a(delay.cpp.o)
                0x1000467c                delayMicroseconds
 .text.micros   0x1000468a        0xc C:\Users\alica\Documents\230104-162745-pico\build/core\core.a(delay.cpp.o)
                0x1000468a                micros
 *fill*         0x10004696        0x2 
 .text._ZN6RP204015_SystickHandlerEv
                0x10004698       0x1c C:\Users\alica\Documents\230104-162745-pico\build/core\core.a(main.cpp.o)
                0x10004698                _ZN6RP204015_SystickHandlerEv
 .text._ZN6_MFIFO12registerCoreEv.part.0
                0x100046b4       0x24 C:\Users\alica\Documents\230104-162745-pico\build/core\core.a(main.cpp.o)
 .text.main1    0x100046d8       0x30 C:\Users\alica\Documents\230104-162745-pico\build/core\core.a(main.cpp.o)
                0x100046d8                main1
 .text._ZN6_MFIFO5beginEi.part.0.constprop.0
                0x10004708       0x3c C:\Users\alica\Documents\230104-162745-pico\build/core\core.a(main.cpp.o)
 .text._ZN6RP20405beginEv
                0x10004744      0x134 C:\Users\alica\Documents\230104-162745-pico\build/core\core.a(main.cpp.o)
                0x10004744                _ZN6RP20405beginEv
 .text.initVariant
                0x10004878        0x2 C:\Users\alica\Documents\230104-162745-pico\build/core\core.a(main.cpp.o)
                0x10004878                initVariant
 *fill*         0x1000487a        0x2 
 .text._Z6__loopv
                0x1000487c       0x30 C:\Users\alica\Documents\230104-162745-pico\build/core\core.a(main.cpp.o)
                0x1000487c                _Z6__loopv
 .text.__wrap___getreent
                0x100048ac       0x1c C:\Users\alica\Documents\230104-162745-pico\build/core\core.a(main.cpp.o)
                0x100048ac                __wrap___getreent
 .text.startup._GLOBAL__sub_I_rp2040
                0x100048c8       0x14 C:\Users\alica\Documents\230104-162745-pico\build/core\core.a(main.cpp.o)
 .text.startup.main
                0x100048dc      0x128 C:\Users\alica\Documents\230104-162745-pico\build/core\core.a(main.cpp.o)
                0x100048dc                main
 .text.__wrap_malloc
                0x10004a04       0x18 C:\Users\alica\Documents\230104-162745-pico\build/core\core.a(malloc-lock.cpp.o)
                0x10004a04                __wrap_malloc
 .text.__wrap_calloc
                0x10004a1c       0x1c C:\Users\alica\Documents\230104-162745-pico\build/core\core.a(malloc-lock.cpp.o)
                0x10004a1c                __wrap_calloc
 .text.__wrap_realloc
                0x10004a38       0x1c C:\Users\alica\Documents\230104-162745-pico\build/core\core.a(malloc-lock.cpp.o)
                0x10004a38                __wrap_realloc
 .text.__wrap_free
                0x10004a54       0x14 C:\Users\alica\Documents\230104-162745-pico\build/core\core.a(malloc-lock.cpp.o)
                0x10004a54                __wrap_free
 .text.adc_read
                0x10004a68       0x20 C:\Users\alica\Documents\230104-162745-pico\build/core\core.a(wiring_analog.cpp.o)
 .text._Z13__clearADCPinh
                0x10004a88       0x14 C:\Users\alica\Documents\230104-162745-pico\build/core\core.a(wiring_analog.cpp.o)
                0x10004a88                _Z13__clearADCPinh
 .text.analogRead
                0x10004a9c       0xcc C:\Users\alica\Documents\230104-162745-pico\build/core\core.a(wiring_analog.cpp.o)
                0x10004a9c                analogRead
 .text.__pinMode
                0x10004b68       0xb0 C:\Users\alica\Documents\230104-162745-pico\build/core\core.a(wiring_digital.cpp.o)
                0x10004b68                pinMode
                0x10004b68                __pinMode
 .text.__digitalWrite
                0x10004c18       0x44 C:\Users\alica\Documents\230104-162745-pico\build/core\core.a(wiring_digital.cpp.o)
                0x10004c18                __digitalWrite
                0x10004c18                digitalWrite
 .text.__digitalRead
                0x10004c5c       0x16 C:\Users\alica\Documents\230104-162745-pico\build/core\core.a(wiring_digital.cpp.o)
                0x10004c5c                __digitalRead
                0x10004c5c                digitalRead
 *fill*         0x10004c72        0x2 
 .text.interrupts
                0x10004c74       0x30 C:\Users\alica\Documents\230104-162745-pico\build/core\core.a(wiring_private.cpp.o)
                0x10004c74                interrupts
 .text.noInterrupts
                0x10004ca4       0x40 C:\Users\alica\Documents\230104-162745-pico\build/core\core.a(wiring_private.cpp.o)
                0x10004ca4                noInterrupts
 .text.startup._GLOBAL__sub_I_interrupts
                0x10004ce4       0x18 C:\Users\alica\Documents\230104-162745-pico\build/core\core.a(wiring_private.cpp.o)
 .text._ZN9CoreMutexC2EP5mutexh
                0x10004cfc       0x54 C:\Users\alica\Documents\230104-162745-pico\build/core\core.a(CoreMutex.cpp.o)
                0x10004cfc                _ZN9CoreMutexC1EP5mutexh
                0x10004cfc                _ZN9CoreMutexC2EP5mutexh
 .text._ZN9CoreMutexD2Ev
                0x10004d50       0x38 C:\Users\alica\Documents\230104-162745-pico\build/core\core.a(CoreMutex.cpp.o)
                0x10004d50                _ZN9CoreMutexD1Ev
                0x10004d50                _ZN9CoreMutexD2Ev
 .text._ZL10timer_tasklPv
                0x10004d88       0x18 C:\Users\alica\Documents\230104-162745-pico\build/core\core.a(RP2040USB.cpp.o)
 .text._ZL7usb_irqv
                0x10004da0       0x20 C:\Users\alica\Documents\230104-162745-pico\build/core\core.a(RP2040USB.cpp.o)
 .text._ZL20update_us_since_bootP15absolute_time_ty.part.0
                0x10004dc0       0x1c C:\Users\alica\Documents\230104-162745-pico\build/core\core.a(RP2040USB.cpp.o)
 .text.tud_descriptor_device_cb
                0x10004ddc       0xa8 C:\Users\alica\Documents\230104-162745-pico\build/core\core.a(RP2040USB.cpp.o)
                0x10004ddc                tud_descriptor_device_cb
 .text._Z20__SetupDescHIDReportv
                0x10004e84      0x254 C:\Users\alica\Documents\230104-162745-pico\build/core\core.a(RP2040USB.cpp.o)
                0x10004e84                _Z20__SetupDescHIDReportv
 .text.tud_hid_descriptor_report_cb
                0x100050d8        0xc C:\Users\alica\Documents\230104-162745-pico\build/core\core.a(RP2040USB.cpp.o)
                0x100050d8                tud_hid_descriptor_report_cb
 .text.tud_descriptor_configuration_cb
                0x100050e4        0xc C:\Users\alica\Documents\230104-162745-pico\build/core\core.a(RP2040USB.cpp.o)
                0x100050e4                tud_descriptor_configuration_cb
 .text._Z20__SetupUSBDescriptorv
                0x100050f0      0x1d8 C:\Users\alica\Documents\230104-162745-pico\build/core\core.a(RP2040USB.cpp.o)
                0x100050f0                _Z20__SetupUSBDescriptorv
 .text.tud_descriptor_string_cb
                0x100052c8       0x68 C:\Users\alica\Documents\230104-162745-pico\build/core\core.a(RP2040USB.cpp.o)
                0x100052c8                tud_descriptor_string_cb
 .text._Z10__USBStartv
                0x10005330       0x7c C:\Users\alica\Documents\230104-162745-pico\build/core\core.a(RP2040USB.cpp.o)
                0x10005330                _Z10__USBStartv
 .text.tud_hid_get_report_cb
                0x100053ac        0x4 C:\Users\alica\Documents\230104-162745-pico\build/core\core.a(RP2040USB.cpp.o)
                0x100053ac                tud_hid_get_report_cb
 .text.tud_hid_set_report_cb
                0x100053b0        0x2 C:\Users\alica\Documents\230104-162745-pico\build/core\core.a(RP2040USB.cpp.o)
                0x100053b0                tud_hid_set_report_cb
 .text.tud_msc_read10_cb
                0x100053b2        0x6 C:\Users\alica\Documents\230104-162745-pico\build/core\core.a(RP2040USB.cpp.o)
                0x100053b2                tud_msc_read10_cb
 .text.tud_msc_test_unit_ready_cb
                0x100053b8        0x4 C:\Users\alica\Documents\230104-162745-pico\build/core\core.a(RP2040USB.cpp.o)
                0x100053b8                tud_msc_test_unit_ready_cb
 .text.tud_msc_write10_cb
                0x100053bc        0x6 C:\Users\alica\Documents\230104-162745-pico\build/core\core.a(RP2040USB.cpp.o)
                0x100053bc                tud_msc_write10_cb
 .text.tud_msc_scsi_cb
                0x100053c2        0x4 C:\Users\alica\Documents\230104-162745-pico\build/core\core.a(RP2040USB.cpp.o)
                0x100053c2                tud_msc_scsi_cb
 .text.tud_msc_capacity_cb
                0x100053c6        0x8 C:\Users\alica\Documents\230104-162745-pico\build/core\core.a(RP2040USB.cpp.o)
                0x100053c6                tud_msc_capacity_cb
 .text.tud_msc_inquiry_cb
                0x100053ce        0xa C:\Users\alica\Documents\230104-162745-pico\build/core\core.a(RP2040USB.cpp.o)
                0x100053ce                tud_msc_inquiry_cb
 .text.__get_freertos_mutex_for_ptr
                0x100053d8       0x58 C:\Users\alica\Documents\230104-162745-pico\build/core\core.a(_freertos.cpp.o)
                0x100053d8                __get_freertos_mutex_for_ptr
 .text.adc_init
                0x10005430       0x34 C:\Users\alica\AppData\Local\Arduino15\packages\rp2040\hardware\rp2040\2.7.0/lib/libpico.a(adc.c.obj)
                0x10005430                adc_init
 .text.spin_locks_reset
                0x10005464       0x1c C:\Users\alica\AppData\Local\Arduino15\packages\rp2040\hardware\rp2040\2.7.0/lib/libpico.a(sync.c.obj)
                0x10005464                spin_locks_reset
 .text.next_striped_spin_lock_num
                0x10005480       0x18 C:\Users\alica\AppData\Local\Arduino15\packages\rp2040\hardware\rp2040\2.7.0/lib/libpico.a(sync.c.obj)
                0x10005480                next_striped_spin_lock_num
 .text.spin_lock_claim_unused
                0x10005498       0x1c C:\Users\alica\AppData\Local\Arduino15\packages\rp2040\hardware\rp2040\2.7.0/lib/libpico.a(sync.c.obj)
                0x10005498                spin_lock_claim_unused
 .text.clock_configure
                0x100054b4       0xd4 C:\Users\alica\AppData\Local\Arduino15\packages\rp2040\hardware\rp2040\2.7.0/lib/libpico.a(clocks.c.obj)
                0x100054b4                clock_configure
 .text.clocks_init
                0x10005588       0xf4 C:\Users\alica\AppData\Local\Arduino15\packages\rp2040\hardware\rp2040\2.7.0/lib/libpico.a(clocks.c.obj)
                0x10005588                clocks_init
 .text.clock_get_hz
                0x1000567c        0xc C:\Users\alica\AppData\Local\Arduino15\packages\rp2040\hardware\rp2040\2.7.0/lib/libpico.a(clocks.c.obj)
                0x1000567c                clock_get_hz
 .text.gpio_set_function
                0x10005688       0x2c C:\Users\alica\AppData\Local\Arduino15\packages\rp2040\hardware\rp2040\2.7.0/lib/libpico.a(gpio.c.obj)
                0x10005688                gpio_set_function
 .text.gpio_set_pulls
                0x100056b4       0x2c C:\Users\alica\AppData\Local\Arduino15\packages\rp2040\hardware\rp2040\2.7.0/lib/libpico.a(gpio.c.obj)
                0x100056b4                gpio_set_pulls
 .text.gpio_set_drive_strength
                0x100056e0       0x20 C:\Users\alica\AppData\Local\Arduino15\packages\rp2040\hardware\rp2040\2.7.0/lib/libpico.a(gpio.c.obj)
                0x100056e0                gpio_set_drive_strength
 .text.gpio_set_input_enabled
                0x10005700       0x1c C:\Users\alica\AppData\Local\Arduino15\packages\rp2040\hardware\rp2040\2.7.0/lib/libpico.a(gpio.c.obj)
                0x10005700                gpio_set_input_enabled
 .text.gpio_init
                0x1000571c       0x16 C:\Users\alica\AppData\Local\Arduino15\packages\rp2040\hardware\rp2040\2.7.0/lib/libpico.a(gpio.c.obj)
                0x1000571c                gpio_init
 *fill*         0x10005732        0x2 
 .text.set_raw_irq_handler_and_unlock
                0x10005734       0x28 C:\Users\alica\AppData\Local\Arduino15\packages\rp2040\hardware\rp2040\2.7.0/lib/libpico.a(irq.c.obj)
 .text.irq_is_enabled
                0x1000575c       0x18 C:\Users\alica\AppData\Local\Arduino15\packages\rp2040\hardware\rp2040\2.7.0/lib/libpico.a(irq.c.obj)
                0x1000575c                irq_is_enabled
 .text.irq_set_mask_enabled
                0x10005774       0x20 C:\Users\alica\AppData\Local\Arduino15\packages\rp2040\hardware\rp2040\2.7.0/lib/libpico.a(irq.c.obj)
                0x10005774                irq_set_mask_enabled
 .text.irq_set_enabled
                0x10005794        0xe C:\Users\alica\AppData\Local\Arduino15\packages\rp2040\hardware\rp2040\2.7.0/lib/libpico.a(irq.c.obj)
                0x10005794                irq_set_enabled
 *fill*         0x100057a2        0x2 
 .text.irq_set_pending
                0x100057a4       0x10 C:\Users\alica\AppData\Local\Arduino15\packages\rp2040\hardware\rp2040\2.7.0/lib/libpico.a(irq.c.obj)
                0x100057a4                irq_set_pending
 .text.irq_get_vtable_handler
                0x100057b4       0x10 C:\Users\alica\AppData\Local\Arduino15\packages\rp2040\hardware\rp2040\2.7.0/lib/libpico.a(irq.c.obj)
                0x100057b4                irq_get_vtable_handler
 .text.irq_set_exclusive_handler
                0x100057c4       0x40 C:\Users\alica\AppData\Local\Arduino15\packages\rp2040\hardware\rp2040\2.7.0/lib/libpico.a(irq.c.obj)
                0x100057c4                irq_set_exclusive_handler
 .text.irq_remove_handler
                0x10005804      0x160 C:\Users\alica\AppData\Local\Arduino15\packages\rp2040\hardware\rp2040\2.7.0/lib/libpico.a(irq.c.obj)
                0x10005804                irq_remove_handler
 .text.irq_add_tail_to_free_list
                0x10005964       0xa8 C:\Users\alica\AppData\Local\Arduino15\packages\rp2040\hardware\rp2040\2.7.0/lib/libpico.a(irq.c.obj)
                0x10005964                irq_add_tail_to_free_list
 .text.irq_init_priorities
                0x10005a0c       0x24 C:\Users\alica\AppData\Local\Arduino15\packages\rp2040\hardware\rp2040\2.7.0/lib/libpico.a(irq.c.obj)
                0x10005a0c                irq_init_priorities
 .text.user_irq_claim_unused
                0x10005a30       0x2c C:\Users\alica\AppData\Local\Arduino15\packages\rp2040\hardware\rp2040\2.7.0/lib/libpico.a(irq.c.obj)
                0x10005a30                user_irq_claim_unused
 .text.time_reached
                0x10005a5c       0x28 C:\Users\alica\AppData\Local\Arduino15\packages\rp2040\hardware\rp2040\2.7.0/lib/libpico.a(time.c.obj)
 .text.timer_pool_entry_comparator
                0x10005a84       0x30 C:\Users\alica\AppData\Local\Arduino15\packages\rp2040\hardware\rp2040\2.7.0/lib/libpico.a(time.c.obj)
                0x10005a84                timer_pool_entry_comparator
 .text.alarm_pool_post_alloc_init
                0x10005ab4       0x3c C:\Users\alica\AppData\Local\Arduino15\packages\rp2040\hardware\rp2040\2.7.0/lib/libpico.a(time.c.obj)
 .text.sleep_until_callback
                0x10005af0       0x30 C:\Users\alica\AppData\Local\Arduino15\packages\rp2040\hardware\rp2040\2.7.0/lib/libpico.a(time.c.obj)
 .text.ph_add_child_node.isra.0
                0x10005b20       0x22 C:\Users\alica\AppData\Local\Arduino15\packages\rp2040\hardware\rp2040\2.7.0/lib/libpico.a(time.c.obj)
 *fill*         0x10005b42        0x2 
 .text.add_alarm_under_lock
                0x10005b44       0xc8 C:\Users\alica\AppData\Local\Arduino15\packages\rp2040\hardware\rp2040\2.7.0/lib/libpico.a(time.c.obj)
 .text.alarm_pool_alarm_callback
                0x10005c0c      0x188 C:\Users\alica\AppData\Local\Arduino15\packages\rp2040\hardware\rp2040\2.7.0/lib/libpico.a(time.c.obj)
 .text.alarm_pool_init_default
                0x10005d94       0x34 C:\Users\alica\AppData\Local\Arduino15\packages\rp2040\hardware\rp2040\2.7.0/lib/libpico.a(time.c.obj)
                0x10005d94                alarm_pool_init_default
 .text.alarm_pool_get_default
                0x10005dc8        0x8 C:\Users\alica\AppData\Local\Arduino15\packages\rp2040\hardware\rp2040\2.7.0/lib/libpico.a(time.c.obj)
                0x10005dc8                alarm_pool_get_default
 .text.alarm_pool_add_alarm_at
                0x10005dd0       0xda C:\Users\alica\AppData\Local\Arduino15\packages\rp2040\hardware\rp2040\2.7.0/lib/libpico.a(time.c.obj)
                0x10005dd0                alarm_pool_add_alarm_at
 .text.alarm_pool_cancel_alarm
                0x10005eaa       0x66 C:\Users\alica\AppData\Local\Arduino15\packages\rp2040\hardware\rp2040\2.7.0/lib/libpico.a(time.c.obj)
                0x10005eaa                alarm_pool_cancel_alarm
 .text.sleep_until
                0x10005f10       0x98 C:\Users\alica\AppData\Local\Arduino15\packages\rp2040\hardware\rp2040\2.7.0/lib/libpico.a(time.c.obj)
                0x10005f10                sleep_until
 .text.sleep_us
                0x10005fa8       0x2c C:\Users\alica\AppData\Local\Arduino15\packages\rp2040\hardware\rp2040\2.7.0/lib/libpico.a(time.c.obj)
                0x10005fa8                sleep_us
 .text.sleep_ms
                0x10005fd4       0x14 C:\Users\alica\AppData\Local\Arduino15\packages\rp2040\hardware\rp2040\2.7.0/lib/libpico.a(time.c.obj)
                0x10005fd4                sleep_ms
 .text.best_effort_wfe_or_timeout
                0x10005fe8       0x40 C:\Users\alica\AppData\Local\Arduino15\packages\rp2040\hardware\rp2040\2.7.0/lib/libpico.a(time.c.obj)
                0x10005fe8                best_effort_wfe_or_timeout
 .text.hardware_alarm_irq_handler
                0x10006028       0x90 C:\Users\alica\AppData\Local\Arduino15\packages\rp2040\hardware\rp2040\2.7.0/lib/libpico.a(timer.c.obj)
 .text.hardware_alarm_claim
                0x100060b8       0x18 C:\Users\alica\AppData\Local\Arduino15\packages\rp2040\hardware\rp2040\2.7.0/lib/libpico.a(timer.c.obj)
                0x100060b8                hardware_alarm_claim
 .text.time_us_64
                0x100060d0       0x14 C:\Users\alica\AppData\Local\Arduino15\packages\rp2040\hardware\rp2040\2.7.0/lib/libpico.a(timer.c.obj)
                0x100060d0                time_us_64
 .text.busy_wait_until
                0x100060e4       0x1c C:\Users\alica\AppData\Local\Arduino15\packages\rp2040\hardware\rp2040\2.7.0/lib/libpico.a(timer.c.obj)
                0x100060e4                busy_wait_until
 .text.hardware_alarm_set_callback
                0x10006100       0x94 C:\Users\alica\AppData\Local\Arduino15\packages\rp2040\hardware\rp2040\2.7.0/lib/libpico.a(timer.c.obj)
                0x10006100                hardware_alarm_set_callback
 .text.hardware_alarm_set_target
                0x10006194       0xbc C:\Users\alica\AppData\Local\Arduino15\packages\rp2040\hardware\rp2040\2.7.0/lib/libpico.a(timer.c.obj)
                0x10006194                hardware_alarm_set_target
 .text.hardware_alarm_cancel
                0x10006250       0x40 C:\Users\alica\AppData\Local\Arduino15\packages\rp2040\hardware\rp2040\2.7.0/lib/libpico.a(timer.c.obj)
                0x10006250                hardware_alarm_cancel
 .text.ph_add_child_node.isra.0
                0x10006290       0x22 C:\Users\alica\AppData\Local\Arduino15\packages\rp2040\hardware\rp2040\2.7.0/lib/libpico.a(pheap.c.obj)
 .text.ph_merge_nodes
                0x100062b2       0x36 C:\Users\alica\AppData\Local\Arduino15\packages\rp2040\hardware\rp2040\2.7.0/lib/libpico.a(pheap.c.obj)
 .text.ph_clear
                0x100062e8       0x34 C:\Users\alica\AppData\Local\Arduino15\packages\rp2040\hardware\rp2040\2.7.0/lib/libpico.a(pheap.c.obj)
                0x100062e8                ph_clear
 .text.ph_post_alloc_init
                0x1000631c        0xe C:\Users\alica\AppData\Local\Arduino15\packages\rp2040\hardware\rp2040\2.7.0/lib/libpico.a(pheap.c.obj)
                0x1000631c                ph_post_alloc_init
 .text.ph_merge_two_pass
                0x1000632a       0x48 C:\Users\alica\AppData\Local\Arduino15\packages\rp2040\hardware\rp2040\2.7.0/lib/libpico.a(pheap.c.obj)
                0x1000632a                ph_merge_two_pass
 .text.ph_remove_any_head
                0x10006372       0x4a C:\Users\alica\AppData\Local\Arduino15\packages\rp2040\hardware\rp2040\2.7.0/lib/libpico.a(pheap.c.obj)
 .text.ph_remove_head
                0x100063bc       0x14 C:\Users\alica\AppData\Local\Arduino15\packages\rp2040\hardware\rp2040\2.7.0/lib/libpico.a(pheap.c.obj)
                0x100063bc                ph_remove_head
 .text.ph_remove_and_free_node
                0x100063d0       0x6e C:\Users\alica\AppData\Local\Arduino15\packages\rp2040\hardware\rp2040\2.7.0/lib/libpico.a(pheap.c.obj)
                0x100063d0                ph_remove_and_free_node
 .text.queue_init_with_spinlock
                0x1000643e       0x22 C:\Users\alica\AppData\Local\Arduino15\packages\rp2040\hardware\rp2040\2.7.0/lib/libpico.a(queue.c.obj)
                0x1000643e                queue_init_with_spinlock
 .text.mutex_init
                0x10006460       0x1a C:\Users\alica\AppData\Local\Arduino15\packages\rp2040\hardware\rp2040\2.7.0/lib/libpico.a(mutex.c.obj)
                0x10006460                mutex_init
 .text.recursive_mutex_init
                0x1000647a       0x1a C:\Users\alica\AppData\Local\Arduino15\packages\rp2040\hardware\rp2040\2.7.0/lib/libpico.a(mutex.c.obj)
                0x1000647a                recursive_mutex_init
 .text.pll_init
                0x10006494       0x9c C:\Users\alica\AppData\Local\Arduino15\packages\rp2040\hardware\rp2040\2.7.0/lib/libpico.a(pll.c.obj)
                0x10006494                pll_init
 .text.watchdog_start_tick
                0x10006530       0x10 C:\Users\alica\AppData\Local\Arduino15\packages\rp2040\hardware\rp2040\2.7.0/lib/libpico.a(watchdog.c.obj)
                0x10006530                watchdog_start_tick
 .text.xosc_init
                0x10006540       0x28 C:\Users\alica\AppData\Local\Arduino15\packages\rp2040\hardware\rp2040\2.7.0/lib/libpico.a(xosc.c.obj)
                0x10006540                xosc_init
 .text.exception_get_vtable_handler
                0x10006568       0x10 C:\Users\alica\AppData\Local\Arduino15\packages\rp2040\hardware\rp2040\2.7.0/lib/libpico.a(exception.c.obj)
                0x10006568                exception_get_vtable_handler
 .text.exception_set_exclusive_handler
                0x10006578       0x48 C:\Users\alica\AppData\Local\Arduino15\packages\rp2040\hardware\rp2040\2.7.0/lib/libpico.a(exception.c.obj)
                0x10006578                exception_set_exclusive_handler
 .text.rom_func_lookup
                0x100065c0       0x10 C:\Users\alica\AppData\Local\Arduino15\packages\rp2040\hardware\rp2040\2.7.0/lib/libpico.a(bootrom.c.obj)
                0x100065c0                rom_func_lookup
 .text.rom_data_lookup
                0x100065d0       0x10 C:\Users\alica\AppData\Local\Arduino15\packages\rp2040\hardware\rp2040\2.7.0/lib/libpico.a(bootrom.c.obj)
                0x100065d0                rom_data_lookup
 .text.rom_funcs_lookup
                0x100065e0       0x26 C:\Users\alica\AppData\Local\Arduino15\packages\rp2040\hardware\rp2040\2.7.0/lib/libpico.a(bootrom.c.obj)
                0x100065e0                rom_funcs_lookup
 *fill*         0x10006606        0x2 
 .text._pio_find_offset_for_program.isra.0
                0x10006608       0x48 C:\Users\alica\AppData\Local\Arduino15\packages\rp2040\hardware\rp2040\2.7.0/lib/libpico.a(pio.c.obj)
 .text._pio_add_program_at_offset
                0x10006650       0x80 C:\Users\alica\AppData\Local\Arduino15\packages\rp2040\hardware\rp2040\2.7.0/lib/libpico.a(pio.c.obj)
 .text.pio_claim_unused_sm
                0x100066d0       0x34 C:\Users\alica\AppData\Local\Arduino15\packages\rp2040\hardware\rp2040\2.7.0/lib/libpico.a(pio.c.obj)
                0x100066d0                pio_claim_unused_sm
 .text.pio_can_add_program
                0x10006704       0x2a C:\Users\alica\AppData\Local\Arduino15\packages\rp2040\hardware\rp2040\2.7.0/lib/libpico.a(pio.c.obj)
                0x10006704                pio_can_add_program
 *fill*         0x1000672e        0x2 
 .text.pio_add_program
                0x10006730       0x3c C:\Users\alica\AppData\Local\Arduino15\packages\rp2040\hardware\rp2040\2.7.0/lib/libpico.a(pio.c.obj)
                0x10006730                pio_add_program
 .text.pio_sm_init
                0x1000676c       0x88 C:\Users\alica\AppData\Local\Arduino15\packages\rp2040\hardware\rp2040\2.7.0/lib/libpico.a(pio.c.obj)
                0x1000676c                pio_sm_init
 .text          0x100067f4       0x10 C:\Users\alica\AppData\Local\Arduino15\packages\rp2040\hardware\rp2040\2.7.0/lib/libpico.a(bit_ops_aeabi.S.obj)
 .text.startup._retrieve_unique_id_on_boot
                0x10006804       0x10 C:\Users\alica\AppData\Local\Arduino15\packages\rp2040\hardware\rp2040\2.7.0/lib/libpico.a(unique_id.c.obj)
 .text.pico_get_unique_board_id_string
                0x10006814       0x44 C:\Users\alica\AppData\Local\Arduino15\packages\rp2040\hardware\rp2040\2.7.0/lib/libpico.a(unique_id.c.obj)
                0x10006814                pico_get_unique_board_id_string
 .text.set_sys_clock_pll
                0x10006858       0x78 C:\Users\alica\AppData\Local\Arduino15\packages\rp2040\hardware\rp2040\2.7.0/lib/libpico.a(stdlib.c.obj)
                0x10006858                set_sys_clock_pll
 .text.check_sys_clock_khz
                0x100068d0       0x8c C:\Users\alica\AppData\Local\Arduino15\packages\rp2040\hardware\rp2040\2.7.0/lib/libpico.a(stdlib.c.obj)
                0x100068d0                check_sys_clock_khz
 .text.runtime_init
                0x1000695c       0xcc C:\Users\alica\AppData\Local\Arduino15\packages\rp2040\hardware\rp2040\2.7.0/lib/libpico.a(runtime.c.obj)
                0x1000695c                runtime_init
 .text._sbrk    0x10006a28       0x30 C:\Users\alica\AppData\Local\Arduino15\packages\rp2040\hardware\rp2040\2.7.0/lib/libpico.a(runtime.c.obj)
                0x10006a28                _sbrk
 .text.exit     0x10006a58        0x4 C:\Users\alica\AppData\Local\Arduino15\packages\rp2040\hardware\rp2040\2.7.0/lib/libpico.a(runtime.c.obj)
                0x10006a58                exit
 .text.__assert_func
                0x10006a5c       0x30 C:\Users\alica\AppData\Local\Arduino15\packages\rp2040\hardware\rp2040\2.7.0/lib/libpico.a(runtime.c.obj)
                0x10006a5c                __assert_func
 .text.panic    0x10006a8c       0x2c C:\Users\alica\AppData\Local\Arduino15\packages\rp2040\hardware\rp2040\2.7.0/lib/libpico.a(runtime.c.obj)
                0x10006a8c                panic
 .text.hard_assertion_failure
                0x10006ab8        0xc C:\Users\alica\AppData\Local\Arduino15\packages\rp2040\hardware\rp2040\2.7.0/lib/libpico.a(runtime.c.obj)
                0x10006ab8                hard_assertion_failure
 .text.__wrap___aeabi_idiv
                0x10006ac4       0x50 C:\Users\alica\AppData\Local\Arduino15\packages\rp2040\hardware\rp2040\2.7.0/lib/libpico.a(divider.S.obj)
                0x10006ac4                __wrap___aeabi_idivmod
                0x10006ac4                divmod_s32s32
                0x10006ac4                div_s32s32
                0x10006ac4                __wrap___aeabi_idiv
                0x10006acc                divmod_s32s32_unsafe
                0x10006af8                divmod_s32s32_savestate
 .text.__wrap___aeabi_uidiv
                0x10006b14       0x4c C:\Users\alica\AppData\Local\Arduino15\packages\rp2040\hardware\rp2040\2.7.0/lib/libpico.a(divider.S.obj)
                0x10006b14                __wrap___aeabi_uidiv
                0x10006b14                __wrap___aeabi_uidivmod
                0x10006b14                div_u32u32
                0x10006b14                divmod_u32u32
                0x10006b1c                divmod_u32u32_unsafe
                0x10006b44                divmod_u32u32_savestate
 .text.__wrap___aeabi_ldiv
                0x10006b60      0x434 C:\Users\alica\AppData\Local\Arduino15\packages\rp2040\hardware\rp2040\2.7.0/lib/libpico.a(divider.S.obj)
                0x10006b60                div_s64s64
                0x10006b60                divmod_s64s64
                0x10006b60                __wrap___aeabi_ldivmod
                0x10006b98                divmod_u64u64
                0x10006b98                div_u64u64
                0x10006b98                __wrap___aeabi_uldivmod
                0x10006ba8                divmod_u64u64_savestate
                0x10006bd0                divmod_s64s64_unsafe
                0x10006c58                divmod_u64u64_unsafe
 .text.__wrap___aeabi_darithmetic
                0x10006f94       0x80 C:\Users\alica\AppData\Local\Arduino15\packages\rp2040\hardware\rp2040\2.7.0/lib/libpico.a(double_aeabi.S.obj)
                0x10006f94                __wrap___aeabi_drsub
                0x10006f9a                __wrap___aeabi_dsub
                0x10006fac                __wrap___aeabi_dadd
                0x10006fbe                __wrap___aeabi_ddiv
                0x10006ffa                __wrap___aeabi_dmul
 .text.__wrap___aeabi_cdcmple
                0x10007014       0x6c C:\Users\alica\AppData\Local\Arduino15\packages\rp2040\hardware\rp2040\2.7.0/lib/libpico.a(double_aeabi.S.obj)
                0x10007014                __wrap___aeabi_cdrcmple
                0x10007024                __wrap___aeabi_cdcmpeq
                0x10007024                __wrap___aeabi_cdcmple
 .text.__wrap___aeabi_dcmpeq
                0x10007080       0x10 C:\Users\alica\AppData\Local\Arduino15\packages\rp2040\hardware\rp2040\2.7.0/lib/libpico.a(double_aeabi.S.obj)
                0x10007080                __wrap___aeabi_dcmpeq
 .text.__wrap___aeabi_dcmplt
                0x10007090        0xc C:\Users\alica\AppData\Local\Arduino15\packages\rp2040\hardware\rp2040\2.7.0/lib/libpico.a(double_aeabi.S.obj)
                0x10007090                __wrap___aeabi_dcmplt
 .text.__wrap___aeabi_dcmple
                0x1000709c       0x10 C:\Users\alica\AppData\Local\Arduino15\packages\rp2040\hardware\rp2040\2.7.0/lib/libpico.a(double_aeabi.S.obj)
                0x1000709c                __wrap___aeabi_dcmple
 .text.__wrap___aeabi_dcmpge
                0x100070ac       0x10 C:\Users\alica\AppData\Local\Arduino15\packages\rp2040\hardware\rp2040\2.7.0/lib/libpico.a(double_aeabi.S.obj)
                0x100070ac                __wrap___aeabi_dcmpge
 .text.__wrap___aeabi_dcmpgt
                0x100070bc        0xa C:\Users\alica\AppData\Local\Arduino15\packages\rp2040\hardware\rp2040\2.7.0/lib/libpico.a(double_aeabi.S.obj)
                0x100070bc                __wrap___aeabi_dcmpgt
 .text.__wrap___aeabi_dcmpun
                0x100070c6       0x1c C:\Users\alica\AppData\Local\Arduino15\packages\rp2040\hardware\rp2040\2.7.0/lib/libpico.a(double_aeabi.S.obj)
                0x100070c6                __wrap___aeabi_dcmpun
 *fill*         0x100070e2        0x2 
 .text.__wrap___aeabi_i2d
                0x100070e4       0x38 C:\Users\alica\AppData\Local\Arduino15\packages\rp2040\hardware\rp2040\2.7.0/lib/libpico.a(double_aeabi.S.obj)
                0x100070e4                __wrap___aeabi_ui2d
                0x100070ec                __wrap___aeabi_i2d
 .text.__wrap___aeabi_d2iz
                0x1000711c       0x48 C:\Users\alica\AppData\Local\Arduino15\packages\rp2040\hardware\rp2040\2.7.0/lib/libpico.a(double_aeabi.S.obj)
                0x1000711c                double2int_z
                0x1000711c                __wrap___aeabi_d2iz
 .text.__wrap___aeabi_d2uiz
                0x10007164       0x18 C:\Users\alica\AppData\Local\Arduino15\packages\rp2040\hardware\rp2040\2.7.0/lib/libpico.a(double_aeabi.S.obj)
                0x10007164                __wrap___aeabi_d2uiz
                0x10007164                double2uint
 .text.__wrap___aeabi_l2d
                0x1000717c       0x18 C:\Users\alica\AppData\Local\Arduino15\packages\rp2040\hardware\rp2040\2.7.0/lib/libpico.a(double_aeabi.S.obj)
                0x1000717c                __wrap___aeabi_l2d
 .text.__wrap___aeabi_d2lz
                0x10007194       0x26 C:\Users\alica\AppData\Local\Arduino15\packages\rp2040\hardware\rp2040\2.7.0/lib/libpico.a(double_aeabi.S.obj)
                0x10007194                double2int64_z
                0x10007194                __wrap___aeabi_d2lz
 *fill*         0x100071ba        0x2 
 .text.double2int64
                0x100071bc       0x18 C:\Users\alica\AppData\Local\Arduino15\packages\rp2040\hardware\rp2040\2.7.0/lib/libpico.a(double_aeabi.S.obj)
                0x100071bc                double2int64
 .text.double2ufix64
                0x100071d4       0x18 C:\Users\alica\AppData\Local\Arduino15\packages\rp2040\hardware\rp2040\2.7.0/lib/libpico.a(double_aeabi.S.obj)
                0x100071d4                double2ufix64
 .text.__wrap___aeabi_d2f
                0x100071ec       0x18 C:\Users\alica\AppData\Local\Arduino15\packages\rp2040\hardware\rp2040\2.7.0/lib/libpico.a(double_aeabi.S.obj)
                0x100071ec                __wrap___aeabi_d2f
 .text.__aeabi_double_init
                0x10007204       0x58 C:\Users\alica\AppData\Local\Arduino15\packages\rp2040\hardware\rp2040\2.7.0/lib/libpico.a(double_init_rom.c.obj)
                0x10007204                __aeabi_double_init
 .text.double_table_shim_on_use_helper
                0x1000725c       0x2c C:\Users\alica\AppData\Local\Arduino15\packages\rp2040\hardware\rp2040\2.7.0/lib/libpico.a(double_v1_rom_shim.S.obj)
                0x1000725c                double_table_shim_on_use_helper
 .text.__wrap___aeabi_dsub
                0x10007288       0x10 C:\Users\alica\AppData\Local\Arduino15\packages\rp2040\hardware\rp2040\2.7.0/lib/libpico.a(double_v1_rom_shim.S.obj)
                0x10007288                drsub_shim
                0x1000728e                dsub_shim
 .text.dadd_shim
                0x10007298      0x15c C:\Users\alica\AppData\Local\Arduino15\packages\rp2040\hardware\rp2040\2.7.0/lib/libpico.a(double_v1_rom_shim.S.obj)
                0x10007298                dadd_shim
 .text.dmul_shim
                0x100073f4      0x15c C:\Users\alica\AppData\Local\Arduino15\packages\rp2040\hardware\rp2040\2.7.0/lib/libpico.a(double_v1_rom_shim.S.obj)
                0x100073f4                dmul_shim
 .text.ddiv_shim
                0x10007550      0x1b0 C:\Users\alica\AppData\Local\Arduino15\packages\rp2040\hardware\rp2040\2.7.0/lib/libpico.a(double_v1_rom_shim.S.obj)
                0x10007550                ddiv_shim
 .text.double2uint_shim
                0x10007700        0xe C:\Users\alica\AppData\Local\Arduino15\packages\rp2040\hardware\rp2040\2.7.0/lib/libpico.a(double_v1_rom_shim.S.obj)
                0x10007700                double2uint_shim
                0x10007702                double2ufix_shim
 .text.double2int64_shim
                0x1000770e       0x1a C:\Users\alica\AppData\Local\Arduino15\packages\rp2040\hardware\rp2040\2.7.0/lib/libpico.a(double_v1_rom_shim.S.obj)
                0x1000770e                double2int64_shim
                0x10007710                double2fix64_shim
 .text.double2uint64_shim
                0x10007728       0x70 C:\Users\alica\AppData\Local\Arduino15\packages\rp2040\hardware\rp2040\2.7.0/lib/libpico.a(double_v1_rom_shim.S.obj)
                0x10007728                double2uint64_shim
                0x1000772a                double2ufix64_shim
                0x1000774a                d2fix_a
 .text.double2float_shim
                0x10007798       0x5c C:\Users\alica\AppData\Local\Arduino15\packages\rp2040\hardware\rp2040\2.7.0/lib/libpico.a(double_v1_rom_shim.S.obj)
                0x10007798                double2float_shim
 .text.x2double_shims
                0x100077f4       0x90 C:\Users\alica\AppData\Local\Arduino15\packages\rp2040\hardware\rp2040\2.7.0/lib/libpico.a(double_v1_rom_shim.S.obj)
                0x100077f4                uint2double_shim
                0x100077f6                ufix2double_shim
                0x100077fc                int2double_shim
                0x100077fe                fix2double_shim
                0x10007804                uint642double_shim
                0x10007806                ufix642double_shim
                0x1000780c                int642double_shim
                0x1000780e                fix642double_shim
 .text.dunpacks
                0x10007884       0x3c C:\Users\alica\AppData\Local\Arduino15\packages\rp2040\hardware\rp2040\2.7.0/lib/libpico.a(double_v1_rom_shim.S.obj)
                0x10007884                dunpacks
 .text.__aeabi_lmul
                0x100078c0       0x32 C:\Users\alica\AppData\Local\Arduino15\packages\rp2040\hardware\rp2040\2.7.0/lib/libpico.a(pico_int64_ops_aeabi.S.obj)
                0x100078c0                __wrap___aeabi_lmul
 *fill*         0x100078f2        0x2 
 .text.__wrap___aeabi_farithmetic
                0x100078f4       0x48 C:\Users\alica\AppData\Local\Arduino15\packages\rp2040\hardware\rp2040\2.7.0/lib/libpico.a(float_aeabi.S.obj)
                0x100078f4                __wrap___aeabi_frsub
                0x100078fa                __wrap___aeabi_fsub
                0x10007900                __wrap___aeabi_fadd
                0x10007906                __wrap___aeabi_fdiv
                0x1000792e                __wrap___aeabi_fmul
 .text.__wrap___aeabi_cfcmple
                0x1000793c       0x50 C:\Users\alica\AppData\Local\Arduino15\packages\rp2040\hardware\rp2040\2.7.0/lib/libpico.a(float_aeabi.S.obj)
                0x1000793c                __wrap___aeabi_cfrcmple
                0x10007948                __wrap___aeabi_cfcmple
                0x10007948                __wrap___aeabi_cfcmpeq
 .text.__wrap___aeabi_fcmpeq
                0x1000798c       0x10 C:\Users\alica\AppData\Local\Arduino15\packages\rp2040\hardware\rp2040\2.7.0/lib/libpico.a(float_aeabi.S.obj)
                0x1000798c                __wrap___aeabi_fcmpeq
 .text.__wrap___aeabi_fcmple
                0x1000799c       0x10 C:\Users\alica\AppData\Local\Arduino15\packages\rp2040\hardware\rp2040\2.7.0/lib/libpico.a(float_aeabi.S.obj)
                0x1000799c                __wrap___aeabi_fcmple
 .text.__wrap___aeabi_fcmpge
                0x100079ac       0x10 C:\Users\alica\AppData\Local\Arduino15\packages\rp2040\hardware\rp2040\2.7.0/lib/libpico.a(float_aeabi.S.obj)
                0x100079ac                __wrap___aeabi_fcmpge
 .text.__wrap___aeabi_fcmpgt
                0x100079bc        0xa C:\Users\alica\AppData\Local\Arduino15\packages\rp2040\hardware\rp2040\2.7.0/lib/libpico.a(float_aeabi.S.obj)
                0x100079bc                __wrap___aeabi_fcmpgt
 .text.__wrap___aeabi_fcmpun
                0x100079c6       0x18 C:\Users\alica\AppData\Local\Arduino15\packages\rp2040\hardware\rp2040\2.7.0/lib/libpico.a(float_aeabi.S.obj)
                0x100079c6                __wrap___aeabi_fcmpun
 .text.__wrap___aeabi_ui2f
                0x100079de        0xa C:\Users\alica\AppData\Local\Arduino15\packages\rp2040\hardware\rp2040\2.7.0/lib/libpico.a(float_aeabi.S.obj)
                0x100079de                __wrap___aeabi_ui2f
 .text.__wrap___aeabi_i2f
                0x100079e8       0x44 C:\Users\alica\AppData\Local\Arduino15\packages\rp2040\hardware\rp2040\2.7.0/lib/libpico.a(float_aeabi.S.obj)
                0x100079e8                __wrap___aeabi_i2f
 .text.__wrap___aeabi_f2iz
                0x10007a2c       0x4e C:\Users\alica\AppData\Local\Arduino15\packages\rp2040\hardware\rp2040\2.7.0/lib/libpico.a(float_aeabi.S.obj)
                0x10007a2c                float2int_z
                0x10007a2c                __wrap___aeabi_f2iz
 *fill*         0x10007a7a        0x2 
 .text.float2int
                0x10007a7c       0x14 C:\Users\alica\AppData\Local\Arduino15\packages\rp2040\hardware\rp2040\2.7.0/lib/libpico.a(float_aeabi.S.obj)
                0x10007a7c                float2int
 .text.__wrap___aeabi_f2uiz
                0x10007a90        0xc C:\Users\alica\AppData\Local\Arduino15\packages\rp2040\hardware\rp2040\2.7.0/lib/libpico.a(float_aeabi.S.obj)
                0x10007a90                __wrap___aeabi_f2uiz
 .text.__wrap___aeabi_f2d
                0x10007a9c       0x14 C:\Users\alica\AppData\Local\Arduino15\packages\rp2040\hardware\rp2040\2.7.0/lib/libpico.a(float_aeabi.S.obj)
                0x10007a9c                __wrap___aeabi_f2d
 .text.__aeabi_float_init
                0x10007ab0       0x5c C:\Users\alica\AppData\Local\Arduino15\packages\rp2040\hardware\rp2040\2.7.0/lib/libpico.a(float_init_rom.c.obj)
                0x10007ab0                __aeabi_float_init
 .text.float_table_shim_on_use_helper
                0x10007b0c       0x2c C:\Users\alica\AppData\Local\Arduino15\packages\rp2040\hardware\rp2040\2.7.0/lib/libpico.a(float_v1_rom_shim.S.obj)
                0x10007b0c                float_table_shim_on_use_helper
 .text.float232_shims
                0x10007b38       0x18 C:\Users\alica\AppData\Local\Arduino15\packages\rp2040\hardware\rp2040\2.7.0/lib/libpico.a(float_v1_rom_shim.S.obj)
                0x10007b38                float2int_shim
                0x10007b3a                float2fix_shim
 .text.float2double_shim
                0x10007b50       0x30 C:\Users\alica\AppData\Local\Arduino15\packages\rp2040\hardware\rp2040\2.7.0/lib/libpico.a(float_v1_rom_shim.S.obj)
                0x10007b50                float2double_shim
 .text          0x10007b80       0x10 C:\Users\alica\AppData\Local\Arduino15\packages\rp2040\hardware\rp2040\2.7.0/lib/libpico.a(mem_ops_aeabi.S.obj)
                0x10007b80                __aeabi_mem_init
 .text.memset   0x10007b90        0xc C:\Users\alica\AppData\Local\Arduino15\packages\rp2040\hardware\rp2040\2.7.0/lib/libpico.a(mem_ops_aeabi.S.obj)
                0x10007b90                __wrap_memset
 .text.memcpy   0x10007b9c        0xc C:\Users\alica\AppData\Local\Arduino15\packages\rp2040\hardware\rp2040\2.7.0/lib/libpico.a(mem_ops_aeabi.S.obj)
                0x10007b9c                __wrap_memcpy
                0x10007b9c                __wrap___aeabi_memcpy
 .text._Znwj    0x10007ba8        0x8 C:\Users\alica\AppData\Local\Arduino15\packages\rp2040\hardware\rp2040\2.7.0/lib/libpico.a(new_delete.cpp.obj)
                0x10007ba8                _Znwj
 .text.multicore_fifo_pop_blocking_inline
                0x10007bb0       0x14 C:\Users\alica\AppData\Local\Arduino15\packages\rp2040\hardware\rp2040\2.7.0/lib/libpico.a(multicore.c.obj)
 .text.core1_trampoline
                0x10007bc4        0x2 C:\Users\alica\AppData\Local\Arduino15\packages\rp2040\hardware\rp2040\2.7.0/lib/libpico.a(multicore.c.obj)
 .text.core1_wrapper
                0x10007bc6        0xc C:\Users\alica\AppData\Local\Arduino15\packages\rp2040\hardware\rp2040\2.7.0/lib/libpico.a(multicore.c.obj)
                0x10007bc6                core1_wrapper
 .text.multicore_fifo_push_blocking_inline
                0x10007bd2       0x12 C:\Users\alica\AppData\Local\Arduino15\packages\rp2040\hardware\rp2040\2.7.0/lib/libpico.a(multicore.c.obj)
 .text.multicore_fifo_pop_blocking
                0x10007be4        0x8 C:\Users\alica\AppData\Local\Arduino15\packages\rp2040\hardware\rp2040\2.7.0/lib/libpico.a(multicore.c.obj)
                0x10007be4                multicore_fifo_pop_blocking
 .text.multicore_launch_core1_raw
                0x10007bec       0x6a C:\Users\alica\AppData\Local\Arduino15\packages\rp2040\hardware\rp2040\2.7.0/lib/libpico.a(multicore.c.obj)
                0x10007bec                multicore_launch_core1_raw
 *fill*         0x10007c56        0x2 
 .text.multicore_launch_core1_with_stack
                0x10007c58       0x34 C:\Users\alica\AppData\Local\Arduino15\packages\rp2040\hardware\rp2040\2.7.0/lib/libpico.a(multicore.c.obj)
                0x10007c58                multicore_launch_core1_with_stack
 .text.multicore_launch_core1
                0x10007c8c       0x20 C:\Users\alica\AppData\Local\Arduino15\packages\rp2040\hardware\rp2040\2.7.0/lib/libpico.a(multicore.c.obj)
                0x10007c8c                multicore_launch_core1
 .text.get_driver
                0x10007cac       0x40 C:\Users\alica\AppData\Local\Arduino15\packages\rp2040\hardware\rp2040\2.7.0/lib/libpico.a(usbd.c.obj)
 .text.configuration_reset
                0x10007cec       0x4c C:\Users\alica\AppData\Local\Arduino15\packages\rp2040\hardware\rp2040\2.7.0/lib/libpico.a(usbd.c.obj)
 .text.invoke_class_control
                0x10007d38       0x1a C:\Users\alica\AppData\Local\Arduino15\packages\rp2040\hardware\rp2040\2.7.0/lib/libpico.a(usbd.c.obj)
 .text.osal_queue_send.constprop.0.isra.0
                0x10007d52       0x30 C:\Users\alica\AppData\Local\Arduino15\packages\rp2040\hardware\rp2040\2.7.0/lib/libpico.a(usbd.c.obj)
 *fill*         0x10007d82        0x2 
 .text.tud_mounted
                0x10007d84       0x10 C:\Users\alica\AppData\Local\Arduino15\packages\rp2040\hardware\rp2040\2.7.0/lib/libpico.a(usbd.c.obj)
                0x10007d84                tud_mounted
 .text.tud_suspended
                0x10007d94       0x10 C:\Users\alica\AppData\Local\Arduino15\packages\rp2040\hardware\rp2040\2.7.0/lib/libpico.a(usbd.c.obj)
                0x10007d94                tud_suspended
 .text.tud_inited
                0x10007da4        0xc C:\Users\alica\AppData\Local\Arduino15\packages\rp2040\hardware\rp2040\2.7.0/lib/libpico.a(usbd.c.obj)
                0x10007da4                tud_inited
 .text.tud_init
                0x10007db0       0x98 C:\Users\alica\AppData\Local\Arduino15\packages\rp2040\hardware\rp2040\2.7.0/lib/libpico.a(usbd.c.obj)
                0x10007db0                tud_init
 .text.dcd_event_handler
                0x10007e48       0x7c C:\Users\alica\AppData\Local\Arduino15\packages\rp2040\hardware\rp2040\2.7.0/lib/libpico.a(usbd.c.obj)
                0x10007e48                dcd_event_handler
 .text.dcd_event_bus_signal
                0x10007ec4       0x22 C:\Users\alica\AppData\Local\Arduino15\packages\rp2040\hardware\rp2040\2.7.0/lib/libpico.a(usbd.c.obj)
                0x10007ec4                dcd_event_bus_signal
 .text.dcd_event_bus_reset
                0x10007ee6       0x2a C:\Users\alica\AppData\Local\Arduino15\packages\rp2040\hardware\rp2040\2.7.0/lib/libpico.a(usbd.c.obj)
                0x10007ee6                dcd_event_bus_reset
 .text.dcd_event_setup_received
                0x10007f10       0x26 C:\Users\alica\AppData\Local\Arduino15\packages\rp2040\hardware\rp2040\2.7.0/lib/libpico.a(usbd.c.obj)
                0x10007f10                dcd_event_setup_received
 .text.dcd_event_xfer_complete
                0x10007f36       0x38 C:\Users\alica\AppData\Local\Arduino15\packages\rp2040\hardware\rp2040\2.7.0/lib/libpico.a(usbd.c.obj)
                0x10007f36                dcd_event_xfer_complete
 *fill*         0x10007f6e        0x2 
 .text.usbd_edpt_open
                0x10007f70       0x30 C:\Users\alica\AppData\Local\Arduino15\packages\rp2040\hardware\rp2040\2.7.0/lib/libpico.a(usbd.c.obj)
                0x10007f70                usbd_edpt_open
 .text.usbd_open_edpt_pair
                0x10007fa0       0x4e C:\Users\alica\AppData\Local\Arduino15\packages\rp2040\hardware\rp2040\2.7.0/lib/libpico.a(usbd.c.obj)
                0x10007fa0                usbd_open_edpt_pair
 *fill*         0x10007fee        0x2 
 .text.usbd_edpt_claim
                0x10007ff0       0x68 C:\Users\alica\AppData\Local\Arduino15\packages\rp2040\hardware\rp2040\2.7.0/lib/libpico.a(usbd.c.obj)
                0x10007ff0                usbd_edpt_claim
 .text.usbd_edpt_release
                0x10008058       0x4c C:\Users\alica\AppData\Local\Arduino15\packages\rp2040\hardware\rp2040\2.7.0/lib/libpico.a(usbd.c.obj)
                0x10008058                usbd_edpt_release
 .text.usbd_edpt_xfer
                0x100080a4       0x44 C:\Users\alica\AppData\Local\Arduino15\packages\rp2040\hardware\rp2040\2.7.0/lib/libpico.a(usbd.c.obj)
                0x100080a4                usbd_edpt_xfer
 .text.usbd_edpt_busy
                0x100080e8       0x1c C:\Users\alica\AppData\Local\Arduino15\packages\rp2040\hardware\rp2040\2.7.0/lib/libpico.a(usbd.c.obj)
                0x100080e8                usbd_edpt_busy
 .text.usbd_edpt_stall
                0x10008104       0x34 C:\Users\alica\AppData\Local\Arduino15\packages\rp2040\hardware\rp2040\2.7.0/lib/libpico.a(usbd.c.obj)
                0x10008104                usbd_edpt_stall
 .text.usbd_edpt_clear_stall
                0x10008138       0x34 C:\Users\alica\AppData\Local\Arduino15\packages\rp2040\hardware\rp2040\2.7.0/lib/libpico.a(usbd.c.obj)
                0x10008138                usbd_edpt_clear_stall
 .text.usbd_edpt_stalled
                0x1000816c       0x1c C:\Users\alica\AppData\Local\Arduino15\packages\rp2040\hardware\rp2040\2.7.0/lib/libpico.a(usbd.c.obj)
                0x1000816c                usbd_edpt_stalled
 .text.tud_task
                0x10008188      0x558 C:\Users\alica\AppData\Local\Arduino15\packages\rp2040\hardware\rp2040\2.7.0/lib/libpico.a(usbd.c.obj)
                0x10008188                tud_task
 .text._data_stage_xact
                0x100086e0       0x58 C:\Users\alica\AppData\Local\Arduino15\packages\rp2040\hardware\rp2040\2.7.0/lib/libpico.a(usbd_control.c.obj)
 .text._status_stage_xact.isra.0
                0x10008738       0x14 C:\Users\alica\AppData\Local\Arduino15\packages\rp2040\hardware\rp2040\2.7.0/lib/libpico.a(usbd_control.c.obj)
 .text.tud_control_status
                0x1000874c       0x24 C:\Users\alica\AppData\Local\Arduino15\packages\rp2040\hardware\rp2040\2.7.0/lib/libpico.a(usbd_control.c.obj)
                0x1000874c                tud_control_status
 .text.tud_control_xfer
                0x10008770       0x54 C:\Users\alica\AppData\Local\Arduino15\packages\rp2040\hardware\rp2040\2.7.0/lib/libpico.a(usbd_control.c.obj)
                0x10008770                tud_control_xfer
 .text.usbd_control_reset
                0x100087c4       0x14 C:\Users\alica\AppData\Local\Arduino15\packages\rp2040\hardware\rp2040\2.7.0/lib/libpico.a(usbd_control.c.obj)
                0x100087c4                usbd_control_reset
 .text.usbd_control_set_complete_callback
                0x100087d8        0xc C:\Users\alica\AppData\Local\Arduino15\packages\rp2040\hardware\rp2040\2.7.0/lib/libpico.a(usbd_control.c.obj)
                0x100087d8                usbd_control_set_complete_callback
 .text.usbd_control_set_request
                0x100087e4       0x1c C:\Users\alica\AppData\Local\Arduino15\packages\rp2040\hardware\rp2040\2.7.0/lib/libpico.a(usbd_control.c.obj)
                0x100087e4                usbd_control_set_request
 .text.usbd_control_xfer_cb
                0x10008800       0xa4 C:\Users\alica\AppData\Local\Arduino15\packages\rp2040\hardware\rp2040\2.7.0/lib/libpico.a(usbd_control.c.obj)
                0x10008800                usbd_control_xfer_cb
 .text._prep_out_transaction
                0x100088a4       0x42 C:\Users\alica\AppData\Local\Arduino15\packages\rp2040\hardware\rp2040\2.7.0/lib/libpico.a(cdc_device.c.obj)
 *fill*         0x100088e6        0x2 
 .text.tud_cdc_n_connected
                0x100088e8       0x30 C:\Users\alica\AppData\Local\Arduino15\packages\rp2040\hardware\rp2040\2.7.0/lib/libpico.a(cdc_device.c.obj)
                0x100088e8                tud_cdc_n_connected
 .text.tud_cdc_n_available
                0x10008918       0x18 C:\Users\alica\AppData\Local\Arduino15\packages\rp2040\hardware\rp2040\2.7.0/lib/libpico.a(cdc_device.c.obj)
                0x10008918                tud_cdc_n_available
 .text.tud_cdc_n_read
                0x10008930       0x28 C:\Users\alica\AppData\Local\Arduino15\packages\rp2040\hardware\rp2040\2.7.0/lib/libpico.a(cdc_device.c.obj)
                0x10008930                tud_cdc_n_read
 .text.tud_cdc_n_peek
                0x10008958       0x18 C:\Users\alica\AppData\Local\Arduino15\packages\rp2040\hardware\rp2040\2.7.0/lib/libpico.a(cdc_device.c.obj)
                0x10008958                tud_cdc_n_peek
 .text.tud_cdc_n_write_flush
                0x10008970       0x78 C:\Users\alica\AppData\Local\Arduino15\packages\rp2040\hardware\rp2040\2.7.0/lib/libpico.a(cdc_device.c.obj)
                0x10008970                tud_cdc_n_write_flush
 .text.tud_cdc_n_write
                0x100089e8       0x34 C:\Users\alica\AppData\Local\Arduino15\packages\rp2040\hardware\rp2040\2.7.0/lib/libpico.a(cdc_device.c.obj)
                0x100089e8                tud_cdc_n_write
 .text.tud_cdc_n_write_available
                0x10008a1c       0x18 C:\Users\alica\AppData\Local\Arduino15\packages\rp2040\hardware\rp2040\2.7.0/lib/libpico.a(cdc_device.c.obj)
                0x10008a1c                tud_cdc_n_write_available
 .text.cdcd_init
                0x10008a34       0x7c C:\Users\alica\AppData\Local\Arduino15\packages\rp2040\hardware\rp2040\2.7.0/lib/libpico.a(cdc_device.c.obj)
                0x10008a34                cdcd_init
 .text.cdcd_reset
                0x10008ab0       0x30 C:\Users\alica\AppData\Local\Arduino15\packages\rp2040\hardware\rp2040\2.7.0/lib/libpico.a(cdc_device.c.obj)
                0x10008ab0                cdcd_reset
 .text.cdcd_open
                0x10008ae0       0xa4 C:\Users\alica\AppData\Local\Arduino15\packages\rp2040\hardware\rp2040\2.7.0/lib/libpico.a(cdc_device.c.obj)
                0x10008ae0                cdcd_open
 .text.cdcd_control_xfer_cb
                0x10008b84       0xd8 C:\Users\alica\AppData\Local\Arduino15\packages\rp2040\hardware\rp2040\2.7.0/lib/libpico.a(cdc_device.c.obj)
                0x10008b84                cdcd_control_xfer_cb
 .text.cdcd_xfer_cb
                0x10008c5c       0xe4 C:\Users\alica\AppData\Local\Arduino15\packages\rp2040\hardware\rp2040\2.7.0/lib/libpico.a(cdc_device.c.obj)
                0x10008c5c                cdcd_xfer_cb
 .text.hidd_reset
                0x10008d40       0x14 C:\Users\alica\AppData\Local\Arduino15\packages\rp2040\hardware\rp2040\2.7.0/lib/libpico.a(hid_device.c.obj)
                0x10008d40                hidd_reset
 .text.hidd_init
                0x10008d54        0xa C:\Users\alica\AppData\Local\Arduino15\packages\rp2040\hardware\rp2040\2.7.0/lib/libpico.a(hid_device.c.obj)
                0x10008d54                hidd_init
 *fill*         0x10008d5e        0x2 
 .text.hidd_open
                0x10008d60       0xb4 C:\Users\alica\AppData\Local\Arduino15\packages\rp2040\hardware\rp2040\2.7.0/lib/libpico.a(hid_device.c.obj)
                0x10008d60                hidd_open
 .text.hidd_control_xfer_cb
                0x10008e14      0x1e4 C:\Users\alica\AppData\Local\Arduino15\packages\rp2040\hardware\rp2040\2.7.0/lib/libpico.a(hid_device.c.obj)
                0x10008e14                hidd_control_xfer_cb
 .text.hidd_xfer_cb
                0x10008ff8       0x80 C:\Users\alica\AppData\Local\Arduino15\packages\rp2040\hardware\rp2040\2.7.0/lib/libpico.a(hid_device.c.obj)
                0x10008ff8                hidd_xfer_cb
 .text.fail_scsi_op.constprop.0
                0x10009078       0x54 C:\Users\alica\AppData\Local\Arduino15\packages\rp2040\hardware\rp2040\2.7.0/lib/libpico.a(msc_device.c.obj)
 .text.proc_write10_cmd.constprop.0
                0x100090cc       0x54 C:\Users\alica\AppData\Local\Arduino15\packages\rp2040\hardware\rp2040\2.7.0/lib/libpico.a(msc_device.c.obj)
 .text.proc_read10_cmd.constprop.0
                0x10009120       0x98 C:\Users\alica\AppData\Local\Arduino15\packages\rp2040\hardware\rp2040\2.7.0/lib/libpico.a(msc_device.c.obj)
 .text.rdwr10_validate_cmd
                0x100091b8       0x58 C:\Users\alica\AppData\Local\Arduino15\packages\rp2040\hardware\rp2040\2.7.0/lib/libpico.a(msc_device.c.obj)
                0x100091b8                rdwr10_validate_cmd
 .text.mscd_init
                0x10009210       0x14 C:\Users\alica\AppData\Local\Arduino15\packages\rp2040\hardware\rp2040\2.7.0/lib/libpico.a(msc_device.c.obj)
                0x10009210                mscd_init
 .text.mscd_reset
                0x10009224       0x14 C:\Users\alica\AppData\Local\Arduino15\packages\rp2040\hardware\rp2040\2.7.0/lib/libpico.a(msc_device.c.obj)
                0x10009224                mscd_reset
 .text.mscd_open
                0x10009238       0x60 C:\Users\alica\AppData\Local\Arduino15\packages\rp2040\hardware\rp2040\2.7.0/lib/libpico.a(msc_device.c.obj)
                0x10009238                mscd_open
 .text.mscd_control_xfer_cb
                0x10009298      0x134 C:\Users\alica\AppData\Local\Arduino15\packages\rp2040\hardware\rp2040\2.7.0/lib/libpico.a(msc_device.c.obj)
                0x10009298                mscd_control_xfer_cb
 .text.mscd_xfer_cb
                0x100093cc      0x4a0 C:\Users\alica\AppData\Local\Arduino15\packages\rp2040\hardware\rp2040\2.7.0/lib/libpico.a(msc_device.c.obj)
                0x100093cc                mscd_xfer_cb
 .text.tusb_init
                0x1000986c        0xa C:\Users\alica\AppData\Local\Arduino15\packages\rp2040\hardware\rp2040\2.7.0/lib/libpico.a(tusb.c.obj)
                0x1000986c                tusb_init
 .text.tusb_inited
                0x10009876        0x8 C:\Users\alica\AppData\Local\Arduino15\packages\rp2040\hardware\rp2040\2.7.0/lib/libpico.a(tusb.c.obj)
                0x10009876                tusb_inited
 *fill*         0x1000987e        0x2 
 .text.tu_edpt_validate
                0x10009880       0x60 C:\Users\alica\AppData\Local\Arduino15\packages\rp2040\hardware\rp2040\2.7.0/lib/libpico.a(tusb.c.obj)
                0x10009880                tu_edpt_validate
 .text.tu_edpt_bind_driver
                0x100098e0       0x2a C:\Users\alica\AppData\Local\Arduino15\packages\rp2040\hardware\rp2040\2.7.0/lib/libpico.a(tusb.c.obj)
                0x100098e0                tu_edpt_bind_driver
 .text.advance_pointer
                0x1000990a       0x18 C:\Users\alica\AppData\Local\Arduino15\packages\rp2040\hardware\rp2040\2.7.0/lib/libpico.a(tusb_fifo.c.obj)
 .text._tu_fifo_correct_read_pointer
                0x10009922       0x1e C:\Users\alica\AppData\Local\Arduino15\packages\rp2040\hardware\rp2040\2.7.0/lib/libpico.a(tusb_fifo.c.obj)
 .text._ff_unlock
                0x10009940        0xc C:\Users\alica\AppData\Local\Arduino15\packages\rp2040\hardware\rp2040\2.7.0/lib/libpico.a(tusb_fifo.c.obj)
 .text._ff_pull_const_addr
                0x1000994c       0x58 C:\Users\alica\AppData\Local\Arduino15\packages\rp2040\hardware\rp2040\2.7.0/lib/libpico.a(tusb_fifo.c.obj)
 .text._tu_fifo_peek_n
                0x100099a4      0x12a C:\Users\alica\AppData\Local\Arduino15\packages\rp2040\hardware\rp2040\2.7.0/lib/libpico.a(tusb_fifo.c.obj)
 *fill*         0x10009ace        0x2 
 .text._ff_push_const_addr
                0x10009ad0       0x48 C:\Users\alica\AppData\Local\Arduino15\packages\rp2040\hardware\rp2040\2.7.0/lib/libpico.a(tusb_fifo.c.obj)
 .text._tu_fifo_peek
                0x10009b18       0x48 C:\Users\alica\AppData\Local\Arduino15\packages\rp2040\hardware\rp2040\2.7.0/lib/libpico.a(tusb_fifo.c.obj)
 .text._ff_lock
                0x10009b60       0x10 C:\Users\alica\AppData\Local\Arduino15\packages\rp2040\hardware\rp2040\2.7.0/lib/libpico.a(tusb_fifo.c.obj)
 .text._tu_fifo_read_n
                0x10009b70       0x3e C:\Users\alica\AppData\Local\Arduino15\packages\rp2040\hardware\rp2040\2.7.0/lib/libpico.a(tusb_fifo.c.obj)
 .text._tu_fifo_write_n.part.0
                0x10009bae      0x14a C:\Users\alica\AppData\Local\Arduino15\packages\rp2040\hardware\rp2040\2.7.0/lib/libpico.a(tusb_fifo.c.obj)
 .text.tu_fifo_config
                0x10009cf8       0x52 C:\Users\alica\AppData\Local\Arduino15\packages\rp2040\hardware\rp2040\2.7.0/lib/libpico.a(tusb_fifo.c.obj)
                0x10009cf8                tu_fifo_config
 .text.tu_fifo_count
                0x10009d4a       0x20 C:\Users\alica\AppData\Local\Arduino15\packages\rp2040\hardware\rp2040\2.7.0/lib/libpico.a(tusb_fifo.c.obj)
                0x10009d4a                tu_fifo_count
 .text.tu_fifo_empty
                0x10009d6a       0x10 C:\Users\alica\AppData\Local\Arduino15\packages\rp2040\hardware\rp2040\2.7.0/lib/libpico.a(tusb_fifo.c.obj)
                0x10009d6a                tu_fifo_empty
 .text.tu_fifo_remaining
                0x10009d7a       0x1c C:\Users\alica\AppData\Local\Arduino15\packages\rp2040\hardware\rp2040\2.7.0/lib/libpico.a(tusb_fifo.c.obj)
                0x10009d7a                tu_fifo_remaining
 .text.tu_fifo_read
                0x10009d96       0x36 C:\Users\alica\AppData\Local\Arduino15\packages\rp2040\hardware\rp2040\2.7.0/lib/libpico.a(tusb_fifo.c.obj)
                0x10009d96                tu_fifo_read
 .text.tu_fifo_read_n
                0x10009dcc        0xa C:\Users\alica\AppData\Local\Arduino15\packages\rp2040\hardware\rp2040\2.7.0/lib/libpico.a(tusb_fifo.c.obj)
                0x10009dcc                tu_fifo_read_n
 .text.tu_fifo_peek
                0x10009dd6       0x28 C:\Users\alica\AppData\Local\Arduino15\packages\rp2040\hardware\rp2040\2.7.0/lib/libpico.a(tusb_fifo.c.obj)
                0x10009dd6                tu_fifo_peek
 .text.tu_fifo_write
                0x10009dfe       0x60 C:\Users\alica\AppData\Local\Arduino15\packages\rp2040\hardware\rp2040\2.7.0/lib/libpico.a(tusb_fifo.c.obj)
                0x10009dfe                tu_fifo_write
 .text.tu_fifo_write_n
                0x10009e5e       0x12 C:\Users\alica\AppData\Local\Arduino15\packages\rp2040\hardware\rp2040\2.7.0/lib/libpico.a(tusb_fifo.c.obj)
                0x10009e5e                tu_fifo_write_n
 .text.tu_fifo_clear
                0x10009e70       0x34 C:\Users\alica\AppData\Local\Arduino15\packages\rp2040\hardware\rp2040\2.7.0/lib/libpico.a(tusb_fifo.c.obj)
                0x10009e70                tu_fifo_clear
 .text.tu_fifo_set_overwritable
                0x10009ea4       0x24 C:\Users\alica\AppData\Local\Arduino15\packages\rp2040\hardware\rp2040\2.7.0/lib/libpico.a(tusb_fifo.c.obj)
                0x10009ea4                tu_fifo_set_overwritable
 .text.hw_claim_lock
                0x10009ec8       0x18 C:\Users\alica\AppData\Local\Arduino15\packages\rp2040\hardware\rp2040\2.7.0/lib/libpico.a(claim.c.obj)
                0x10009ec8                hw_claim_lock
 .text.hw_claim_unlock
                0x10009ee0       0x14 C:\Users\alica\AppData\Local\Arduino15\packages\rp2040\hardware\rp2040\2.7.0/lib/libpico.a(claim.c.obj)
                0x10009ee0                hw_claim_unlock
 .text.hw_is_claimed
                0x10009ef4       0x16 C:\Users\alica\AppData\Local\Arduino15\packages\rp2040\hardware\rp2040\2.7.0/lib/libpico.a(claim.c.obj)
                0x10009ef4                hw_is_claimed
 .text.hw_claim_or_assert
                0x10009f0a       0x3a C:\Users\alica\AppData\Local\Arduino15\packages\rp2040\hardware\rp2040\2.7.0/lib/libpico.a(claim.c.obj)
                0x10009f0a                hw_claim_or_assert
 .text.hw_claim_unused_from_range
                0x10009f44       0x54 C:\Users\alica\AppData\Local\Arduino15\packages\rp2040\hardware\rp2040\2.7.0/lib/libpico.a(claim.c.obj)
                0x10009f44                hw_claim_unused_from_range
 .text.running_on_fpga
                0x10009f98       0x10 C:\Users\alica\AppData\Local\Arduino15\packages\rp2040\hardware\rp2040\2.7.0/lib/libpico.a(platform.c.obj)
                0x10009f98                running_on_fpga
 .text.lock_init
                0x10009fa8       0x10 C:\Users\alica\AppData\Local\Arduino15\packages\rp2040\hardware\rp2040\2.7.0/lib/libpico.a(lock_core.c.obj)
                0x10009fa8                lock_init
 .text.critical_section_init_with_lock_num
                0x10009fb8       0x14 C:\Users\alica\AppData\Local\Arduino15\packages\rp2040\hardware\rp2040\2.7.0/lib/libpico.a(critical_section.c.obj)
                0x10009fb8                critical_section_init_with_lock_num
 .text.critical_section_init
                0x10009fcc       0x14 C:\Users\alica\AppData\Local\Arduino15\packages\rp2040\hardware\rp2040\2.7.0/lib/libpico.a(critical_section.c.obj)
                0x10009fcc                critical_section_init
 .text.flash_get_unique_id
                0x10009fe0       0x42 C:\Users\alica\AppData\Local\Arduino15\packages\rp2040\hardware\rp2040\2.7.0/lib/libpico.a(flash.c.obj)
                0x10009fe0                flash_get_unique_id
 *fill*         0x1000a022        0x2 
 .text.hw_endpoint_init
                0x1000a024       0xc8 C:\Users\alica\AppData\Local\Arduino15\packages\rp2040\hardware\rp2040\2.7.0/lib/libpico.a(dcd_rp2040.c.obj)
 .text.reset_non_control_endpoints
                0x1000a0ec       0x3c C:\Users\alica\AppData\Local\Arduino15\packages\rp2040\hardware\rp2040\2.7.0/lib/libpico.a(dcd_rp2040.c.obj)
 .text.dcd_rp2040_irq
                0x1000a128      0x128 C:\Users\alica\AppData\Local\Arduino15\packages\rp2040\hardware\rp2040\2.7.0/lib/libpico.a(dcd_rp2040.c.obj)
 .text.dcd_int_enable
                0x1000a250        0xc C:\Users\alica\AppData\Local\Arduino15\packages\rp2040\hardware\rp2040\2.7.0/lib/libpico.a(dcd_rp2040.c.obj)
                0x1000a250                dcd_int_enable
 .text.dcd_set_address
                0x1000a25c       0x14 C:\Users\alica\AppData\Local\Arduino15\packages\rp2040\hardware\rp2040\2.7.0/lib/libpico.a(dcd_rp2040.c.obj)
                0x1000a25c                dcd_set_address
 .text.dcd_connect
                0x1000a270       0x10 C:\Users\alica\AppData\Local\Arduino15\packages\rp2040\hardware\rp2040\2.7.0/lib/libpico.a(dcd_rp2040.c.obj)
                0x1000a270                dcd_connect
 .text.dcd_init
                0x1000a280       0x64 C:\Users\alica\AppData\Local\Arduino15\packages\rp2040\hardware\rp2040\2.7.0/lib/libpico.a(dcd_rp2040.c.obj)
                0x1000a280                dcd_init
 .text.dcd_edpt0_status_complete
                0x1000a2e4       0x18 C:\Users\alica\AppData\Local\Arduino15\packages\rp2040\hardware\rp2040\2.7.0/lib/libpico.a(dcd_rp2040.c.obj)
                0x1000a2e4                dcd_edpt0_status_complete
 .text.dcd_edpt_open
                0x1000a2fc       0x20 C:\Users\alica\AppData\Local\Arduino15\packages\rp2040\hardware\rp2040\2.7.0/lib/libpico.a(dcd_rp2040.c.obj)
                0x1000a2fc                dcd_edpt_open
 .text.dcd_edpt_close_all
                0x1000a31c        0x8 C:\Users\alica\AppData\Local\Arduino15\packages\rp2040\hardware\rp2040\2.7.0/lib/libpico.a(dcd_rp2040.c.obj)
                0x1000a31c                dcd_edpt_close_all
 .text.dcd_edpt_xfer
                0x1000a324       0x24 C:\Users\alica\AppData\Local\Arduino15\packages\rp2040\hardware\rp2040\2.7.0/lib/libpico.a(dcd_rp2040.c.obj)
                0x1000a324                dcd_edpt_xfer
 .text.dcd_edpt_stall
                0x1000a348       0x34 C:\Users\alica\AppData\Local\Arduino15\packages\rp2040\hardware\rp2040\2.7.0/lib/libpico.a(dcd_rp2040.c.obj)
                0x1000a348                dcd_edpt_stall
 .text.dcd_edpt_clear_stall
                0x1000a37c       0x2c C:\Users\alica\AppData\Local\Arduino15\packages\rp2040\hardware\rp2040\2.7.0/lib/libpico.a(dcd_rp2040.c.obj)
                0x1000a37c                dcd_edpt_clear_stall
 .text.prepare_ep_buffer
                0x1000a3a8       0x66 C:\Users\alica\AppData\Local\Arduino15\packages\rp2040\hardware\rp2040\2.7.0/lib/libpico.a(rp2040_usb.c.obj)
 .text.sync_ep_buffer
                0x1000a40e       0x48 C:\Users\alica\AppData\Local\Arduino15\packages\rp2040\hardware\rp2040\2.7.0/lib/libpico.a(rp2040_usb.c.obj)
 *fill*         0x1000a456        0x2 
 .text.rp2040_usb_init
                0x1000a458       0x4c C:\Users\alica\AppData\Local\Arduino15\packages\rp2040\hardware\rp2040\2.7.0/lib/libpico.a(rp2040_usb.c.obj)
                0x1000a458                rp2040_usb_init
 .text.hw_endpoint_reset_transfer
                0x1000a4a4        0xc C:\Users\alica\AppData\Local\Arduino15\packages\rp2040\hardware\rp2040\2.7.0/lib/libpico.a(rp2040_usb.c.obj)
                0x1000a4a4                hw_endpoint_reset_transfer
 .text._hw_endpoint_buffer_control_update32
                0x1000a4b0       0x58 C:\Users\alica\AppData\Local\Arduino15\packages\rp2040\hardware\rp2040\2.7.0/lib/libpico.a(rp2040_usb.c.obj)
                0x1000a4b0                _hw_endpoint_buffer_control_update32
 .text._hw_endpoint_start_next_buffer
                0x1000a508       0x6c C:\Users\alica\AppData\Local\Arduino15\packages\rp2040\hardware\rp2040\2.7.0/lib/libpico.a(rp2040_usb.c.obj)
 .text.hw_endpoint_xfer_start
                0x1000a574       0x14 C:\Users\alica\AppData\Local\Arduino15\packages\rp2040\hardware\rp2040\2.7.0/lib/libpico.a(rp2040_usb.c.obj)
                0x1000a574                hw_endpoint_xfer_start
 .text.hw_endpoint_xfer_continue
                0x1000a588       0x54 C:\Users\alica\AppData\Local\Arduino15\packages\rp2040\hardware\rp2040\2.7.0/lib/libpico.a(rp2040_usb.c.obj)
                0x1000a588                hw_endpoint_xfer_continue
 .text          0x1000a5dc       0x14 c:/users/alica/appdata/local/arduino15/packages/rp2040/tools/pqt-gcc/1.5.0-a-5007782/bin/../lib/gcc/arm-none-eabi/10.3.0/../../../../arm-none-eabi/lib/thumb\libc.a(lib_a-calloc.o)
                0x1000a5dc                calloc
 .text          0x1000a5f0       0x9c c:/users/alica/appdata/local/arduino15/packages/rp2040/tools/pqt-gcc/1.5.0-a-5007782/bin/../lib/gcc/arm-none-eabi/10.3.0/../../../../arm-none-eabi/lib/thumb\libc.a(lib_a-callocr.o)
                0x1000a5f0                _calloc_r
 .text          0x1000a68c        0x8 c:/users/alica/appdata/local/arduino15/packages/rp2040/tools/pqt-gcc/1.5.0-a-5007782/bin/../lib/gcc/arm-none-eabi/10.3.0/../../../../arm-none-eabi/lib/thumb\libc.a(lib_a-errno.o)
                0x1000a68c                __errno
 .text          0x1000a694      0x238 c:/users/alica/appdata/local/arduino15/packages/rp2040/tools/pqt-gcc/1.5.0-a-5007782/bin/../lib/gcc/arm-none-eabi/10.3.0/../../../../arm-none-eabi/lib/thumb\libc.a(lib_a-findfp.o)
                0x1000a6dc                _cleanup_r
                0x1000a71c                __sfmoreglue
                0x1000a748                _cleanup
                0x1000a758                __sfp_lock_acquire
                0x1000a768                __sfp_lock_release
                0x1000a778                __sinit_lock_acquire
                0x1000a788                __sinit_lock_release
                0x1000a798                __sinit
                0x1000a80c                __sfp
                0x1000a89c                __fp_lock_all
                0x1000a8b4                __fp_unlock_all
 .text          0x1000a8cc       0x76 c:/users/alica/appdata/local/arduino15/packages/rp2040/tools/pqt-gcc/1.5.0-a-5007782/bin/../lib/gcc/arm-none-eabi/10.3.0/../../../../arm-none-eabi/lib/thumb\libc.a(lib_a-fwalk.o)
                0x1000a8cc                _fwalk
                0x1000a902                _fwalk_reent
 .text          0x1000a942       0x20 c:/users/alica/appdata/local/arduino15/packages/rp2040/tools/pqt-gcc/1.5.0-a-5007782/bin/../lib/gcc/arm-none-eabi/10.3.0/../../../../arm-none-eabi/lib/thumb\libc.a(lib_a-malloc.o)
                0x1000a942                malloc
                0x1000a952                free
 *fill*         0x1000a962        0x2 
 .text          0x1000a964      0x420 c:/users/alica/appdata/local/arduino15/packages/rp2040/tools/pqt-gcc/1.5.0-a-5007782/bin/../lib/gcc/arm-none-eabi/10.3.0/../../../../arm-none-eabi/lib/thumb\libc.a(lib_a-mallocr.o)
                0x1000a964                _malloc_r
 .text          0x1000ad84       0x20 c:/users/alica/appdata/local/arduino15/packages/rp2040/tools/pqt-gcc/1.5.0-a-5007782/bin/../lib/gcc/arm-none-eabi/10.3.0/../../../../arm-none-eabi/lib/thumb\libc.a(lib_a-mlock.o)
                0x1000ad84                __malloc_lock
                0x1000ad94                __malloc_unlock
 .text          0x1000ada4      0x5f0 c:/users/alica/appdata/local/arduino15/packages/rp2040/tools/pqt-gcc/1.5.0-a-5007782/bin/../lib/gcc/arm-none-eabi/10.3.0/../../../../arm-none-eabi/lib/thumb\libc.a(lib_a-nano-vfprintf_float.o)
                0x1000ada4                __cvt
                0x1000ae6a                __exponent
                0x1000aef8                _printf_float
 .text          0x1000b394      0x410 c:/users/alica/appdata/local/arduino15/packages/rp2040/tools/pqt-gcc/1.5.0-a-5007782/bin/../lib/gcc/arm-none-eabi/10.3.0/../../../../arm-none-eabi/lib/thumb\libc.a(lib_a-nano-vfprintf_i.o)
                0x1000b394                _printf_common
                0x1000b472                _printf_i
 .text          0x1000b7a4      0x410 c:/users/alica/appdata/local/arduino15/packages/rp2040/tools/pqt-gcc/1.5.0-a-5007782/bin/../lib/gcc/arm-none-eabi/10.3.0/../../../../arm-none-eabi/lib/thumb\libc.a(lib_a-nano-vfscanf_float.o)
                0x1000b7a4                _scanf_float
 .text          0x1000bbb4       0x54 c:/users/alica/appdata/local/arduino15/packages/rp2040/tools/pqt-gcc/1.5.0-a-5007782/bin/../lib/gcc/arm-none-eabi/10.3.0/../../../../arm-none-eabi/lib/thumb\libc.a(lib_a-printf.o)
                0x1000bbb4                _printf_r
                0x1000bbb4                _iprintf_r
                0x1000bbdc                iprintf
                0x1000bbdc                printf
 .text          0x1000bc08       0xdc c:/users/alica/appdata/local/arduino15/packages/rp2040/tools/pqt-gcc/1.5.0-a-5007782/bin/../lib/gcc/arm-none-eabi/10.3.0/../../../../arm-none-eabi/lib/thumb\libc.a(lib_a-puts.o)
                0x1000bc08                _puts_r
                0x1000bcd4                puts
 .text          0x1000bce4       0x14 c:/users/alica/appdata/local/arduino15/packages/rp2040/tools/pqt-gcc/1.5.0-a-5007782/bin/../lib/gcc/arm-none-eabi/10.3.0/../../../../arm-none-eabi/lib/thumb\libc.a(lib_a-realloc.o)
                0x1000bce4                realloc
 .text          0x1000bcf8      0x344 c:/users/alica/appdata/local/arduino15/packages/rp2040/tools/pqt-gcc/1.5.0-a-5007782/bin/../lib/gcc/arm-none-eabi/10.3.0/../../../../arm-none-eabi/lib/thumb\libc.a(lib_a-reallocr.o)
                0x1000bcf8                _realloc_r
 .text          0x1000c03c       0x24 c:/users/alica/appdata/local/arduino15/packages/rp2040/tools/pqt-gcc/1.5.0-a-5007782/bin/../lib/gcc/arm-none-eabi/10.3.0/../../../../arm-none-eabi/lib/thumb\libc.a(lib_a-sbrkr.o)
                0x1000c03c                _sbrk_r
 .text          0x1000c060        0x8 c:/users/alica/appdata/local/arduino15/packages/rp2040/tools/pqt-gcc/1.5.0-a-5007782/bin/../lib/gcc/arm-none-eabi/10.3.0/../../../../arm-none-eabi/lib/thumb\libc.a(lib_a-sf_nan.o)
                0x1000c060                nanf
 .text          0x1000c068       0x78 c:/users/alica/appdata/local/arduino15/packages/rp2040/tools/pqt-gcc/1.5.0-a-5007782/bin/../lib/gcc/arm-none-eabi/10.3.0/../../../../arm-none-eabi/lib/thumb\libc.a(lib_a-sprintf.o)
                0x1000c068                _sprintf_r
                0x1000c068                _siprintf_r
                0x1000c0a0                siprintf
                0x1000c0a0                sprintf
 .text          0x1000c0e0       0x9c c:/users/alica/appdata/local/arduino15/packages/rp2040/tools/pqt-gcc/1.5.0-a-5007782/bin/../lib/gcc/arm-none-eabi/10.3.0/../../../../arm-none-eabi/lib/thumb\libc.a(lib_a-stdio.o)
                0x1000c0e0                __sread
                0x1000c108                __seofread
                0x1000c10c                __swrite
                0x1000c144                __sseek
                0x1000c170                __sclose
 .text          0x1000c17c        0xe c:/users/alica/appdata/local/arduino15/packages/rp2040/tools/pqt-gcc/1.5.0-a-5007782/bin/../lib/gcc/arm-none-eabi/10.3.0/../../../../arm-none-eabi/lib/thumb\libc.a(lib_a-strlen.o)
                0x1000c17c                strlen
 *fill*         0x1000c18a        0x2 
 .text          0x1000c18c      0xdfc c:/users/alica/appdata/local/arduino15/packages/rp2040/tools/pqt-gcc/1.5.0-a-5007782/bin/../lib/gcc/arm-none-eabi/10.3.0/../../../../arm-none-eabi/lib/thumb\libc.a(lib_a-strtod.o)
                0x1000c1bc                _strtod_l
                0x1000cdec                _strtod_r
                0x1000cdfc                strtod_l
                0x1000ce14                strtod
                0x1000ce30                strtof_l
                0x1000cedc                strtof
 .text          0x1000cf88      0x154 c:/users/alica/appdata/local/arduino15/packages/rp2040/tools/pqt-gcc/1.5.0-a-5007782/bin/../lib/gcc/arm-none-eabi/10.3.0/../../../../arm-none-eabi/lib/thumb\libc.a(lib_a-strtol.o)
                0x1000d0a4                _strtol_r
                0x1000d0ac                strtol_l
                0x1000d0c4                strtol